Archive member included to satisfy reference by file (symbol)

d:/7.0/toolchain/avr8/avr8-gnu-toolchain/bin/../lib/gcc/avr/5.4.0/../../../../avr/lib/avr5\libm.a(addsf3.o)
                              MCAL/ADC/ADC_Program.o (__addsf3)
d:/7.0/toolchain/avr8/avr8-gnu-toolchain/bin/../lib/gcc/avr/5.4.0/../../../../avr/lib/avr5\libm.a(addsf3x.o)
                              d:/7.0/toolchain/avr8/avr8-gnu-toolchain/bin/../lib/gcc/avr/5.4.0/../../../../avr/lib/avr5\libm.a(addsf3.o) (__addsf3x)
d:/7.0/toolchain/avr8/avr8-gnu-toolchain/bin/../lib/gcc/avr/5.4.0/../../../../avr/lib/avr5\libm.a(divsf3.o)
                              MCAL/ADC/ADC_Program.o (__divsf3)
d:/7.0/toolchain/avr8/avr8-gnu-toolchain/bin/../lib/gcc/avr/5.4.0/../../../../avr/lib/avr5\libm.a(divsf3x.o)
                              d:/7.0/toolchain/avr8/avr8-gnu-toolchain/bin/../lib/gcc/avr/5.4.0/../../../../avr/lib/avr5\libm.a(divsf3.o) (__divsf3x)
d:/7.0/toolchain/avr8/avr8-gnu-toolchain/bin/../lib/gcc/avr/5.4.0/../../../../avr/lib/avr5\libm.a(fixunssfsi.o)
                              MCAL/ADC/ADC_Program.o (__fixunssfsi)
d:/7.0/toolchain/avr8/avr8-gnu-toolchain/bin/../lib/gcc/avr/5.4.0/../../../../avr/lib/avr5\libm.a(floatsisf.o)
                              MCAL/ADC/ADC_Program.o (__floatunsisf)
d:/7.0/toolchain/avr8/avr8-gnu-toolchain/bin/../lib/gcc/avr/5.4.0/../../../../avr/lib/avr5\libm.a(fp_inf.o)
                              d:/7.0/toolchain/avr8/avr8-gnu-toolchain/bin/../lib/gcc/avr/5.4.0/../../../../avr/lib/avr5\libm.a(addsf3x.o) (__fp_inf)
d:/7.0/toolchain/avr8/avr8-gnu-toolchain/bin/../lib/gcc/avr/5.4.0/../../../../avr/lib/avr5\libm.a(fp_nan.o)
                              d:/7.0/toolchain/avr8/avr8-gnu-toolchain/bin/../lib/gcc/avr/5.4.0/../../../../avr/lib/avr5\libm.a(addsf3x.o) (__fp_nan)
d:/7.0/toolchain/avr8/avr8-gnu-toolchain/bin/../lib/gcc/avr/5.4.0/../../../../avr/lib/avr5\libm.a(fp_pscA.o)
                              d:/7.0/toolchain/avr8/avr8-gnu-toolchain/bin/../lib/gcc/avr/5.4.0/../../../../avr/lib/avr5\libm.a(addsf3x.o) (__fp_pscA)
d:/7.0/toolchain/avr8/avr8-gnu-toolchain/bin/../lib/gcc/avr/5.4.0/../../../../avr/lib/avr5\libm.a(fp_pscB.o)
                              d:/7.0/toolchain/avr8/avr8-gnu-toolchain/bin/../lib/gcc/avr/5.4.0/../../../../avr/lib/avr5\libm.a(addsf3x.o) (__fp_pscB)
d:/7.0/toolchain/avr8/avr8-gnu-toolchain/bin/../lib/gcc/avr/5.4.0/../../../../avr/lib/avr5\libm.a(fp_round.o)
                              d:/7.0/toolchain/avr8/avr8-gnu-toolchain/bin/../lib/gcc/avr/5.4.0/../../../../avr/lib/avr5\libm.a(addsf3.o) (__fp_round)
d:/7.0/toolchain/avr8/avr8-gnu-toolchain/bin/../lib/gcc/avr/5.4.0/../../../../avr/lib/avr5\libm.a(fp_split3.o)
                              d:/7.0/toolchain/avr8/avr8-gnu-toolchain/bin/../lib/gcc/avr/5.4.0/../../../../avr/lib/avr5\libm.a(addsf3x.o) (__fp_split3)
d:/7.0/toolchain/avr8/avr8-gnu-toolchain/bin/../lib/gcc/avr/5.4.0/../../../../avr/lib/avr5\libm.a(fp_zero.o)
                              d:/7.0/toolchain/avr8/avr8-gnu-toolchain/bin/../lib/gcc/avr/5.4.0/../../../../avr/lib/avr5\libm.a(addsf3x.o) (__fp_zero)
d:/7.0/toolchain/avr8/avr8-gnu-toolchain/bin/../lib/gcc/avr/5.4.0/../../../../avr/lib/avr5\libm.a(mulsf3.o)
                              MCAL/ADC/ADC_Program.o (__mulsf3)
d:/7.0/toolchain/avr8/avr8-gnu-toolchain/bin/../lib/gcc/avr/5.4.0/../../../../avr/lib/avr5\libm.a(mulsf3x.o)
                              d:/7.0/toolchain/avr8/avr8-gnu-toolchain/bin/../lib/gcc/avr/5.4.0/../../../../avr/lib/avr5\libm.a(mulsf3.o) (__mulsf3x)
d:/7.0/toolchain/avr8/avr8-gnu-toolchain/bin/../lib/gcc/avr/5.4.0/avr5\libgcc.a(_exit.o)
                              D:/7.0/Packs/atmel/ATmega_DFP/1.7.374/gcc/dev/atmega32/avr5/crtatmega32.o (exit)
d:/7.0/toolchain/avr8/avr8-gnu-toolchain/bin/../lib/gcc/avr/5.4.0/avr5\libgcc.a(_copy_data.o)
                              ECU/KEYPAD/KEYPAD_Program.o (__do_copy_data)
d:/7.0/toolchain/avr8/avr8-gnu-toolchain/bin/../lib/gcc/avr/5.4.0/avr5\libgcc.a(_clear_bss.o)
                              ECU/Bottom/BOTTOM_Program.o (__do_clear_bss)
d:/7.0/toolchain/avr8/avr8-gnu-toolchain/bin/../lib/gcc/avr/5.4.0/avr5\libgcc.a(_umulhisi3.o)
                              ECU/Segment7/Segment7_Program.o (__umulhisi3)
d:/7.0/toolchain/avr8/avr8-gnu-toolchain/bin/../lib/gcc/avr/5.4.0/avr5\libgcc.a(_muluhisi3.o)
                              ECU/LCD/LCD_Program.o (__muluhisi3)

Discarded input sections

 .data          0x00000000        0x0 D:/7.0/Packs/atmel/ATmega_DFP/1.7.374/gcc/dev/atmega32/avr5/crtatmega32.o
 .bss           0x00000000        0x0 D:/7.0/Packs/atmel/ATmega_DFP/1.7.374/gcc/dev/atmega32/avr5/crtatmega32.o
 .text          0x00000000        0x0 ECU/Bottom/BOTTOM_Program.o
 .data          0x00000000        0x0 ECU/Bottom/BOTTOM_Program.o
 .bss           0x00000000        0x0 ECU/Bottom/BOTTOM_Program.o
 .text.BOTTOM_Init
                0x00000000       0x16 ECU/Bottom/BOTTOM_Program.o
 .text.BOTTOM_Read
                0x00000000       0x34 ECU/Bottom/BOTTOM_Program.o
 .bss.read.1604
                0x00000000        0x1 ECU/Bottom/BOTTOM_Program.o
 .debug_info    0x00000000      0x170 ECU/Bottom/BOTTOM_Program.o
 .debug_abbrev  0x00000000       0xd0 ECU/Bottom/BOTTOM_Program.o
 .debug_loc     0x00000000       0xc4 ECU/Bottom/BOTTOM_Program.o
 .debug_aranges
                0x00000000       0x28 ECU/Bottom/BOTTOM_Program.o
 .debug_ranges  0x00000000       0x30 ECU/Bottom/BOTTOM_Program.o
 .debug_line    0x00000000       0xec ECU/Bottom/BOTTOM_Program.o
 .debug_str     0x00000000      0x1c0 ECU/Bottom/BOTTOM_Program.o
 .comment       0x00000000       0x31 ECU/Bottom/BOTTOM_Program.o
 .debug_frame   0x00000000       0x44 ECU/Bottom/BOTTOM_Program.o
 .text          0x00000000        0x0 ECU/BUZZER/BUZZER_Program.o
 .data          0x00000000        0x0 ECU/BUZZER/BUZZER_Program.o
 .bss           0x00000000        0x0 ECU/BUZZER/BUZZER_Program.o
 .text.BUZZER_Init
                0x00000000        0xa ECU/BUZZER/BUZZER_Program.o
 .text.BUZZER_ON
                0x00000000        0xa ECU/BUZZER/BUZZER_Program.o
 .text.BUZZRT_OFF
                0x00000000        0xa ECU/BUZZER/BUZZER_Program.o
 .debug_info    0x00000000      0x12c ECU/BUZZER/BUZZER_Program.o
 .debug_abbrev  0x00000000       0x6f ECU/BUZZER/BUZZER_Program.o
 .debug_aranges
                0x00000000       0x30 ECU/BUZZER/BUZZER_Program.o
 .debug_ranges  0x00000000       0x20 ECU/BUZZER/BUZZER_Program.o
 .debug_line    0x00000000       0xae ECU/BUZZER/BUZZER_Program.o
 .debug_str     0x00000000      0x1f2 ECU/BUZZER/BUZZER_Program.o
 .comment       0x00000000       0x31 ECU/BUZZER/BUZZER_Program.o
 .debug_frame   0x00000000       0x44 ECU/BUZZER/BUZZER_Program.o
 .text          0x00000000        0x0 ECU/DC_Motor/DC_Porgram.o
 .data          0x00000000        0x0 ECU/DC_Motor/DC_Porgram.o
 .bss           0x00000000        0x0 ECU/DC_Motor/DC_Porgram.o
 .text.DC_Init  0x00000000       0x12 ECU/DC_Motor/DC_Porgram.o
 .text.DC_OFF   0x00000000       0x12 ECU/DC_Motor/DC_Porgram.o
 .text.DC_RotateCW
                0x00000000       0x12 ECU/DC_Motor/DC_Porgram.o
 .text.DC_RotateCCW
                0x00000000       0x12 ECU/DC_Motor/DC_Porgram.o
 .debug_info    0x00000000      0x198 ECU/DC_Motor/DC_Porgram.o
 .debug_abbrev  0x00000000       0x71 ECU/DC_Motor/DC_Porgram.o
 .debug_aranges
                0x00000000       0x38 ECU/DC_Motor/DC_Porgram.o
 .debug_ranges  0x00000000       0x28 ECU/DC_Motor/DC_Porgram.o
 .debug_line    0x00000000       0xdc ECU/DC_Motor/DC_Porgram.o
 .debug_str     0x00000000      0x1b9 ECU/DC_Motor/DC_Porgram.o
 .comment       0x00000000       0x31 ECU/DC_Motor/DC_Porgram.o
 .debug_frame   0x00000000       0x54 ECU/DC_Motor/DC_Porgram.o
 .text          0x00000000        0x0 ECU/KEYPAD/KEYPAD_Program.o
 .data          0x00000000        0x0 ECU/KEYPAD/KEYPAD_Program.o
 .bss           0x00000000        0x0 ECU/KEYPAD/KEYPAD_Program.o
 .text.KEYPAD_Init
                0x00000000       0x62 ECU/KEYPAD/KEYPAD_Program.o
 .text.KEYPAD_Read
                0x00000000       0x90 ECU/KEYPAD/KEYPAD_Program.o
 .data.COL_PIN_arr
                0x00000000        0x4 ECU/KEYPAD/KEYPAD_Program.o
 .data.ROW_PIN_arr
                0x00000000        0x4 ECU/KEYPAD/KEYPAD_Program.o
 .data.KEY_GIT  0x00000000       0x10 ECU/KEYPAD/KEYPAD_Program.o
 .debug_info    0x00000000      0x2e1 ECU/KEYPAD/KEYPAD_Program.o
 .debug_abbrev  0x00000000      0x103 ECU/KEYPAD/KEYPAD_Program.o
 .debug_loc     0x00000000       0xef ECU/KEYPAD/KEYPAD_Program.o
 .debug_aranges
                0x00000000       0x28 ECU/KEYPAD/KEYPAD_Program.o
 .debug_ranges  0x00000000       0x30 ECU/KEYPAD/KEYPAD_Program.o
 .debug_line    0x00000000      0x191 ECU/KEYPAD/KEYPAD_Program.o
 .debug_str     0x00000000      0x227 ECU/KEYPAD/KEYPAD_Program.o
 .comment       0x00000000       0x31 ECU/KEYPAD/KEYPAD_Program.o
 .debug_frame   0x00000000       0x58 ECU/KEYPAD/KEYPAD_Program.o
 .text          0x00000000        0x0 ECU/LCD/LCD_Program.o
 .data          0x00000000        0x0 ECU/LCD/LCD_Program.o
 .bss           0x00000000        0x0 ECU/LCD/LCD_Program.o
 .text._delay_us
                0x00000000       0x50 ECU/LCD/LCD_Program.o
 .text._delay_ms
                0x00000000       0x50 ECU/LCD/LCD_Program.o
 .text.LCD_SendCommand
                0x00000000       0xb8 ECU/LCD/LCD_Program.o
 .text.LCD_Init
                0x00000000       0x6a ECU/LCD/LCD_Program.o
 .text.LCD_WriteData
                0x00000000       0xc8 ECU/LCD/LCD_Program.o
 .text.LCD_WriteString
                0x00000000       0x2c ECU/LCD/LCD_Program.o
 .text.LCD_GOTO
                0x00000000       0x38 ECU/LCD/LCD_Program.o
 .text.LCD_SaveCustomChar
                0x00000000       0x3e ECU/LCD/LCD_Program.o
 .text.LCD_WriteNum
                0x00000000        0x6 ECU/LCD/LCD_Program.o
 .debug_info    0x00000000      0x7e1 ECU/LCD/LCD_Program.o
 .debug_abbrev  0x00000000      0x123 ECU/LCD/LCD_Program.o
 .debug_loc     0x00000000      0x4ab ECU/LCD/LCD_Program.o
 .debug_aranges
                0x00000000       0x60 ECU/LCD/LCD_Program.o
 .debug_ranges  0x00000000       0x50 ECU/LCD/LCD_Program.o
 .debug_line    0x00000000      0x32a ECU/LCD/LCD_Program.o
 .debug_str     0x00000000      0x23d ECU/LCD/LCD_Program.o
 .comment       0x00000000       0x31 ECU/LCD/LCD_Program.o
 .debug_frame   0x00000000      0x128 ECU/LCD/LCD_Program.o
 .text          0x00000000        0x0 ECU/LED/LED_Program.o
 .data          0x00000000        0x0 ECU/LED/LED_Program.o
 .bss           0x00000000        0x0 ECU/LED/LED_Program.o
 .text.LED_INIT
                0x00000000        0x8 ECU/LED/LED_Program.o
 .text.LED_ON   0x00000000        0x8 ECU/LED/LED_Program.o
 .text.LED_OFF  0x00000000        0x8 ECU/LED/LED_Program.o
 .text.LED_TOG  0x00000000        0x6 ECU/LED/LED_Program.o
 .debug_info    0x00000000      0x18e ECU/LED/LED_Program.o
 .debug_abbrev  0x00000000       0x80 ECU/LED/LED_Program.o
 .debug_loc     0x00000000       0x84 ECU/LED/LED_Program.o
 .debug_aranges
                0x00000000       0x38 ECU/LED/LED_Program.o
 .debug_ranges  0x00000000       0x28 ECU/LED/LED_Program.o
 .debug_line    0x00000000       0xde ECU/LED/LED_Program.o
 .debug_str     0x00000000      0x1bd ECU/LED/LED_Program.o
 .comment       0x00000000       0x31 ECU/LED/LED_Program.o
 .debug_frame   0x00000000       0x54 ECU/LED/LED_Program.o
 .text          0x00000000        0x0 ECU/Segment7/Segment7_Program.o
 .data          0x00000000        0x0 ECU/Segment7/Segment7_Program.o
 .bss           0x00000000        0x0 ECU/Segment7/Segment7_Program.o
 .text.Segment7_Mult4Init
                0x00000000       0x42 ECU/Segment7/Segment7_Program.o
 .text.Segment7_Mult4SetDisplay
                0x00000000      0x2ba ECU/Segment7/Segment7_Program.o
 .data.NUM      0x00000000        0xa ECU/Segment7/Segment7_Program.o
 .debug_info    0x00000000      0x67e ECU/Segment7/Segment7_Program.o
 .debug_abbrev  0x00000000      0x159 ECU/Segment7/Segment7_Program.o
 .debug_loc     0x00000000      0x252 ECU/Segment7/Segment7_Program.o
 .debug_aranges
                0x00000000       0x28 ECU/Segment7/Segment7_Program.o
 .debug_ranges  0x00000000       0x18 ECU/Segment7/Segment7_Program.o
 .debug_line    0x00000000      0x27e ECU/Segment7/Segment7_Program.o
 .debug_str     0x00000000      0x270 ECU/Segment7/Segment7_Program.o
 .comment       0x00000000       0x31 ECU/Segment7/Segment7_Program.o
 .debug_frame   0x00000000       0x5c ECU/Segment7/Segment7_Program.o
 .text          0x00000000        0x0 main.o
 .data          0x00000000        0x0 main.o
 .bss           0x00000000        0x0 main.o
 .text          0x00000000        0x0 MCAL/ADC/ADC_Program.o
 .data          0x00000000        0x0 MCAL/ADC/ADC_Program.o
 .bss           0x00000000        0x0 MCAL/ADC/ADC_Program.o
 .text.ADC_Init
                0x00000000       0x3c MCAL/ADC/ADC_Program.o
 .text.ADC_TurnON
                0x00000000        0x6 MCAL/ADC/ADC_Program.o
 .text.ADC_TurnOFF
                0x00000000        0x8 MCAL/ADC/ADC_Program.o
 .text.ADC_Read
                0x00000000       0x10 MCAL/ADC/ADC_Program.o
 .text.ADC0_StartConversion
                0x00000000       0x12 MCAL/ADC/ADC_Program.o
 .text.ADC1_StartConversion
                0x00000000       0x14 MCAL/ADC/ADC_Program.o
 .text.ADC2_StartConversion
                0x00000000       0x14 MCAL/ADC/ADC_Program.o
 .text.ADC3_StartConversion
                0x00000000       0x14 MCAL/ADC/ADC_Program.o
 .text.ADC4_StartConversion
                0x00000000       0x14 MCAL/ADC/ADC_Program.o
 .text.ADC5_StartConversion
                0x00000000       0x14 MCAL/ADC/ADC_Program.o
 .text.ADC6_StartConversion
                0x00000000       0x14 MCAL/ADC/ADC_Program.o
 .text.ADC7_StartConversion
                0x00000000       0x14 MCAL/ADC/ADC_Program.o
 .text.ADC_DiffA0A1
                0x00000000       0x14 MCAL/ADC/ADC_Program.o
 .text.ADC_SetCallBack
                0x00000000        0xa MCAL/ADC/ADC_Program.o
 .text.ADC_Mapping
                0x00000000       0x90 MCAL/ADC/ADC_Program.o
 .text          0x00000000        0x0 MCAL/DIO/DIO_Program.o
 .data          0x00000000        0x0 MCAL/DIO/DIO_Program.o
 .bss           0x00000000        0x0 MCAL/DIO/DIO_Program.o
 .text.DIO_SetPinDirection
                0x00000000      0x10e MCAL/DIO/DIO_Program.o
 .text.DIO_SetPinValue
                0x00000000      0x10e MCAL/DIO/DIO_Program.o
 .text.DIO_TogPinValue
                0x00000000       0x82 MCAL/DIO/DIO_Program.o
 .text.DIO_GetPinValue
                0x00000000       0x70 MCAL/DIO/DIO_Program.o
 .text.DIO_SetPortDirection
                0x00000000       0x20 MCAL/DIO/DIO_Program.o
 .text.DIO_SetPortValue
                0x00000000       0x20 MCAL/DIO/DIO_Program.o
 .text.DIO_TogPortValue
                0x00000000       0x30 MCAL/DIO/DIO_Program.o
 .text.DIO_GetPortValue
                0x00000000       0x24 MCAL/DIO/DIO_Program.o
 .debug_info    0x00000000      0x273 MCAL/DIO/DIO_Program.o
 .debug_abbrev  0x00000000       0xd8 MCAL/DIO/DIO_Program.o
 .debug_loc     0x00000000      0x665 MCAL/DIO/DIO_Program.o
 .debug_aranges
                0x00000000       0x58 MCAL/DIO/DIO_Program.o
 .debug_ranges  0x00000000       0x48 MCAL/DIO/DIO_Program.o
 .debug_line    0x00000000      0x261 MCAL/DIO/DIO_Program.o
 .debug_str     0x00000000      0x23a MCAL/DIO/DIO_Program.o
 .comment       0x00000000       0x31 MCAL/DIO/DIO_Program.o
 .debug_frame   0x00000000       0x94 MCAL/DIO/DIO_Program.o
 .text          0x00000000        0x0 MCAL/EXTI0/EXTI0_Program.o
 .data          0x00000000        0x0 MCAL/EXTI0/EXTI0_Program.o
 .bss           0x00000000        0x0 MCAL/EXTI0/EXTI0_Program.o
 .text.EXTI0_Enable
                0x00000000        0x8 MCAL/EXTI0/EXTI0_Program.o
 .text.EXTI0_LowLevelInit
                0x00000000       0x22 MCAL/EXTI0/EXTI0_Program.o
 .text.EXTI0_FailingEdgeInit
                0x00000000       0x22 MCAL/EXTI0/EXTI0_Program.o
 .text.EXTI0_RisingEdgeInit
                0x00000000       0x22 MCAL/EXTI0/EXTI0_Program.o
 .text.EXTI0_AnyChangeInit
                0x00000000       0x22 MCAL/EXTI0/EXTI0_Program.o
 .text.EXTI0_Disable
                0x00000000        0x8 MCAL/EXTI0/EXTI0_Program.o
 .text.EXTI0_ClearFlag
                0x00000000        0x8 MCAL/EXTI0/EXTI0_Program.o
 .text.EXTI0_SetCallBack
                0x00000000        0xa MCAL/EXTI0/EXTI0_Program.o
 .text          0x00000000        0x0 MCAL/EXTI1/EXTI1_Program.o
 .data          0x00000000        0x0 MCAL/EXTI1/EXTI1_Program.o
 .bss           0x00000000        0x0 MCAL/EXTI1/EXTI1_Program.o
 .text.EXTI1_Enable
                0x00000000        0x8 MCAL/EXTI1/EXTI1_Program.o
 .text.EXTI1_LowLevelInit
                0x00000000       0x22 MCAL/EXTI1/EXTI1_Program.o
 .text.EXTI1_FailingEdgeInit
                0x00000000       0x22 MCAL/EXTI1/EXTI1_Program.o
 .text.EXTI1_RisingEdgeInit
                0x00000000       0x22 MCAL/EXTI1/EXTI1_Program.o
 .text.EXTI1_AnyChangeInit
                0x00000000       0x22 MCAL/EXTI1/EXTI1_Program.o
 .text.EXTI1_Disable
                0x00000000        0x8 MCAL/EXTI1/EXTI1_Program.o
 .text.EXTI1_ClearFlag
                0x00000000        0x8 MCAL/EXTI1/EXTI1_Program.o
 .text.EXTI1_SetCallBack
                0x00000000        0xa MCAL/EXTI1/EXTI1_Program.o
 .text          0x00000000        0x0 MCAL/GIE/GIE_Program.o
 .data          0x00000000        0x0 MCAL/GIE/GIE_Program.o
 .bss           0x00000000        0x0 MCAL/GIE/GIE_Program.o
 .text.GInterupt_Enable
                0x00000000        0x8 MCAL/GIE/GIE_Program.o
 .text.GInterupt_Disable
                0x00000000        0x8 MCAL/GIE/GIE_Program.o
 .debug_info    0x00000000       0x98 MCAL/GIE/GIE_Program.o
 .debug_abbrev  0x00000000       0x46 MCAL/GIE/GIE_Program.o
 .debug_aranges
                0x00000000       0x28 MCAL/GIE/GIE_Program.o
 .debug_ranges  0x00000000       0x18 MCAL/GIE/GIE_Program.o
 .debug_line    0x00000000       0x87 MCAL/GIE/GIE_Program.o
 .debug_str     0x00000000      0x18d MCAL/GIE/GIE_Program.o
 .comment       0x00000000       0x31 MCAL/GIE/GIE_Program.o
 .debug_frame   0x00000000       0x34 MCAL/GIE/GIE_Program.o
 .text          0x00000000        0x0 MCAL/TIMER0/TIMER0_Program.o
 .data          0x00000000        0x0 MCAL/TIMER0/TIMER0_Program.o
 .bss           0x00000000        0x0 MCAL/TIMER0/TIMER0_Program.o
 .text.TIMER0Normal_Init
                0x00000000       0x14 MCAL/TIMER0/TIMER0_Program.o
 .text.TIMER0Normal_Start
                0x00000000        0xa MCAL/TIMER0/TIMER0_Program.o
 .text.TIMER0CTC_Init
                0x00000000       0x1e MCAL/TIMER0/TIMER0_Program.o
 .text.TIMER0PwmFast_Init
                0x00000000       0x16 MCAL/TIMER0/TIMER0_Program.o
 .text.TIMER0PwmFast_Duty
                0x00000000       0x34 MCAL/TIMER0/TIMER0_Program.o
 .text.TINER0_SetCallBack
                0x00000000       0x10 MCAL/TIMER0/TIMER0_Program.o
 .text          0x00000000        0x0 MCAL/TIMER1/TIMER1_Progrma.o
 .data          0x00000000        0x0 MCAL/TIMER1/TIMER1_Progrma.o
 .bss           0x00000000        0x0 MCAL/TIMER1/TIMER1_Progrma.o
 .text.TIMER1Pwm_Init
                0x00000000       0x22 MCAL/TIMER1/TIMER1_Progrma.o
 .text.TIMER1Pwm_Enable
                0x00000000        0x8 MCAL/TIMER1/TIMER1_Progrma.o
 .text.TIMER1Pwm_Setvalue
                0x00000000        0x6 MCAL/TIMER1/TIMER1_Progrma.o
 .debug_info    0x00000000       0xcc MCAL/TIMER1/TIMER1_Progrma.o
 .debug_abbrev  0x00000000       0x6d MCAL/TIMER1/TIMER1_Progrma.o
 .debug_aranges
                0x00000000       0x30 MCAL/TIMER1/TIMER1_Progrma.o
 .debug_ranges  0x00000000       0x20 MCAL/TIMER1/TIMER1_Progrma.o
 .debug_line    0x00000000       0xbe MCAL/TIMER1/TIMER1_Progrma.o
 .debug_str     0x00000000      0x1a9 MCAL/TIMER1/TIMER1_Progrma.o
 .comment       0x00000000       0x31 MCAL/TIMER1/TIMER1_Progrma.o
 .debug_frame   0x00000000       0x44 MCAL/TIMER1/TIMER1_Progrma.o
 .text          0x00000000        0x0 d:/7.0/toolchain/avr8/avr8-gnu-toolchain/bin/../lib/gcc/avr/5.4.0/../../../../avr/lib/avr5\libm.a(addsf3.o)
 .data          0x00000000        0x0 d:/7.0/toolchain/avr8/avr8-gnu-toolchain/bin/../lib/gcc/avr/5.4.0/../../../../avr/lib/avr5\libm.a(addsf3.o)
 .bss           0x00000000        0x0 d:/7.0/toolchain/avr8/avr8-gnu-toolchain/bin/../lib/gcc/avr/5.4.0/../../../../avr/lib/avr5\libm.a(addsf3.o)
 .text.avr-libc.fplib
                0x00000000        0xe d:/7.0/toolchain/avr8/avr8-gnu-toolchain/bin/../lib/gcc/avr/5.4.0/../../../../avr/lib/avr5\libm.a(addsf3.o)
 .text          0x00000000        0x0 d:/7.0/toolchain/avr8/avr8-gnu-toolchain/bin/../lib/gcc/avr/5.4.0/../../../../avr/lib/avr5\libm.a(addsf3x.o)
 .data          0x00000000        0x0 d:/7.0/toolchain/avr8/avr8-gnu-toolchain/bin/../lib/gcc/avr/5.4.0/../../../../avr/lib/avr5\libm.a(addsf3x.o)
 .bss           0x00000000        0x0 d:/7.0/toolchain/avr8/avr8-gnu-toolchain/bin/../lib/gcc/avr/5.4.0/../../../../avr/lib/avr5\libm.a(addsf3x.o)
 .text.avr-libc.fplib
                0x00000000       0xcc d:/7.0/toolchain/avr8/avr8-gnu-toolchain/bin/../lib/gcc/avr/5.4.0/../../../../avr/lib/avr5\libm.a(addsf3x.o)
 .text          0x00000000        0x0 d:/7.0/toolchain/avr8/avr8-gnu-toolchain/bin/../lib/gcc/avr/5.4.0/../../../../avr/lib/avr5\libm.a(divsf3.o)
 .data          0x00000000        0x0 d:/7.0/toolchain/avr8/avr8-gnu-toolchain/bin/../lib/gcc/avr/5.4.0/../../../../avr/lib/avr5\libm.a(divsf3.o)
 .bss           0x00000000        0x0 d:/7.0/toolchain/avr8/avr8-gnu-toolchain/bin/../lib/gcc/avr/5.4.0/../../../../avr/lib/avr5\libm.a(divsf3.o)
 .text.avr-libc.fplib
                0x00000000        0x8 d:/7.0/toolchain/avr8/avr8-gnu-toolchain/bin/../lib/gcc/avr/5.4.0/../../../../avr/lib/avr5\libm.a(divsf3.o)
 .text          0x00000000        0x0 d:/7.0/toolchain/avr8/avr8-gnu-toolchain/bin/../lib/gcc/avr/5.4.0/../../../../avr/lib/avr5\libm.a(divsf3x.o)
 .data          0x00000000        0x0 d:/7.0/toolchain/avr8/avr8-gnu-toolchain/bin/../lib/gcc/avr/5.4.0/../../../../avr/lib/avr5\libm.a(divsf3x.o)
 .bss           0x00000000        0x0 d:/7.0/toolchain/avr8/avr8-gnu-toolchain/bin/../lib/gcc/avr/5.4.0/../../../../avr/lib/avr5\libm.a(divsf3x.o)
 .text.avr-libc.fplib
                0x00000000       0xdc d:/7.0/toolchain/avr8/avr8-gnu-toolchain/bin/../lib/gcc/avr/5.4.0/../../../../avr/lib/avr5\libm.a(divsf3x.o)
 .text          0x00000000        0x0 d:/7.0/toolchain/avr8/avr8-gnu-toolchain/bin/../lib/gcc/avr/5.4.0/../../../../avr/lib/avr5\libm.a(fixunssfsi.o)
 .data          0x00000000        0x0 d:/7.0/toolchain/avr8/avr8-gnu-toolchain/bin/../lib/gcc/avr/5.4.0/../../../../avr/lib/avr5\libm.a(fixunssfsi.o)
 .bss           0x00000000        0x0 d:/7.0/toolchain/avr8/avr8-gnu-toolchain/bin/../lib/gcc/avr/5.4.0/../../../../avr/lib/avr5\libm.a(fixunssfsi.o)
 .text.avr-libc.fplib
                0x00000000       0x5e d:/7.0/toolchain/avr8/avr8-gnu-toolchain/bin/../lib/gcc/avr/5.4.0/../../../../avr/lib/avr5\libm.a(fixunssfsi.o)
 .text          0x00000000        0x0 d:/7.0/toolchain/avr8/avr8-gnu-toolchain/bin/../lib/gcc/avr/5.4.0/../../../../avr/lib/avr5\libm.a(floatsisf.o)
 .data          0x00000000        0x0 d:/7.0/toolchain/avr8/avr8-gnu-toolchain/bin/../lib/gcc/avr/5.4.0/../../../../avr/lib/avr5\libm.a(floatsisf.o)
 .bss           0x00000000        0x0 d:/7.0/toolchain/avr8/avr8-gnu-toolchain/bin/../lib/gcc/avr/5.4.0/../../../../avr/lib/avr5\libm.a(floatsisf.o)
 .text.avr-libc.fplib
                0x00000000       0x7a d:/7.0/toolchain/avr8/avr8-gnu-toolchain/bin/../lib/gcc/avr/5.4.0/../../../../avr/lib/avr5\libm.a(floatsisf.o)
 .text          0x00000000        0x0 d:/7.0/toolchain/avr8/avr8-gnu-toolchain/bin/../lib/gcc/avr/5.4.0/../../../../avr/lib/avr5\libm.a(fp_inf.o)
 .data          0x00000000        0x0 d:/7.0/toolchain/avr8/avr8-gnu-toolchain/bin/../lib/gcc/avr/5.4.0/../../../../avr/lib/avr5\libm.a(fp_inf.o)
 .bss           0x00000000        0x0 d:/7.0/toolchain/avr8/avr8-gnu-toolchain/bin/../lib/gcc/avr/5.4.0/../../../../avr/lib/avr5\libm.a(fp_inf.o)
 .text.avr-libc.fplib
                0x00000000        0xc d:/7.0/toolchain/avr8/avr8-gnu-toolchain/bin/../lib/gcc/avr/5.4.0/../../../../avr/lib/avr5\libm.a(fp_inf.o)
 .text          0x00000000        0x0 d:/7.0/toolchain/avr8/avr8-gnu-toolchain/bin/../lib/gcc/avr/5.4.0/../../../../avr/lib/avr5\libm.a(fp_nan.o)
 .data          0x00000000        0x0 d:/7.0/toolchain/avr8/avr8-gnu-toolchain/bin/../lib/gcc/avr/5.4.0/../../../../avr/lib/avr5\libm.a(fp_nan.o)
 .bss           0x00000000        0x0 d:/7.0/toolchain/avr8/avr8-gnu-toolchain/bin/../lib/gcc/avr/5.4.0/../../../../avr/lib/avr5\libm.a(fp_nan.o)
 .text.avr-libc.fplib
                0x00000000        0x6 d:/7.0/toolchain/avr8/avr8-gnu-toolchain/bin/../lib/gcc/avr/5.4.0/../../../../avr/lib/avr5\libm.a(fp_nan.o)
 .text          0x00000000        0x0 d:/7.0/toolchain/avr8/avr8-gnu-toolchain/bin/../lib/gcc/avr/5.4.0/../../../../avr/lib/avr5\libm.a(fp_pscA.o)
 .data          0x00000000        0x0 d:/7.0/toolchain/avr8/avr8-gnu-toolchain/bin/../lib/gcc/avr/5.4.0/../../../../avr/lib/avr5\libm.a(fp_pscA.o)
 .bss           0x00000000        0x0 d:/7.0/toolchain/avr8/avr8-gnu-toolchain/bin/../lib/gcc/avr/5.4.0/../../../../avr/lib/avr5\libm.a(fp_pscA.o)
 .text.avr-libc.fplib
                0x00000000        0xe d:/7.0/toolchain/avr8/avr8-gnu-toolchain/bin/../lib/gcc/avr/5.4.0/../../../../avr/lib/avr5\libm.a(fp_pscA.o)
 .text          0x00000000        0x0 d:/7.0/toolchain/avr8/avr8-gnu-toolchain/bin/../lib/gcc/avr/5.4.0/../../../../avr/lib/avr5\libm.a(fp_pscB.o)
 .data          0x00000000        0x0 d:/7.0/toolchain/avr8/avr8-gnu-toolchain/bin/../lib/gcc/avr/5.4.0/../../../../avr/lib/avr5\libm.a(fp_pscB.o)
 .bss           0x00000000        0x0 d:/7.0/toolchain/avr8/avr8-gnu-toolchain/bin/../lib/gcc/avr/5.4.0/../../../../avr/lib/avr5\libm.a(fp_pscB.o)
 .text.avr-libc.fplib
                0x00000000        0xe d:/7.0/toolchain/avr8/avr8-gnu-toolchain/bin/../lib/gcc/avr/5.4.0/../../../../avr/lib/avr5\libm.a(fp_pscB.o)
 .text          0x00000000        0x0 d:/7.0/toolchain/avr8/avr8-gnu-toolchain/bin/../lib/gcc/avr/5.4.0/../../../../avr/lib/avr5\libm.a(fp_round.o)
 .data          0x00000000        0x0 d:/7.0/toolchain/avr8/avr8-gnu-toolchain/bin/../lib/gcc/avr/5.4.0/../../../../avr/lib/avr5\libm.a(fp_round.o)
 .bss           0x00000000        0x0 d:/7.0/toolchain/avr8/avr8-gnu-toolchain/bin/../lib/gcc/avr/5.4.0/../../../../avr/lib/avr5\libm.a(fp_round.o)
 .text.avr-libc.fplib
                0x00000000       0x22 d:/7.0/toolchain/avr8/avr8-gnu-toolchain/bin/../lib/gcc/avr/5.4.0/../../../../avr/lib/avr5\libm.a(fp_round.o)
 .text          0x00000000        0x0 d:/7.0/toolchain/avr8/avr8-gnu-toolchain/bin/../lib/gcc/avr/5.4.0/../../../../avr/lib/avr5\libm.a(fp_split3.o)
 .data          0x00000000        0x0 d:/7.0/toolchain/avr8/avr8-gnu-toolchain/bin/../lib/gcc/avr/5.4.0/../../../../avr/lib/avr5\libm.a(fp_split3.o)
 .bss           0x00000000        0x0 d:/7.0/toolchain/avr8/avr8-gnu-toolchain/bin/../lib/gcc/avr/5.4.0/../../../../avr/lib/avr5\libm.a(fp_split3.o)
 .text.avr-libc.fplib
                0x00000000       0x44 d:/7.0/toolchain/avr8/avr8-gnu-toolchain/bin/../lib/gcc/avr/5.4.0/../../../../avr/lib/avr5\libm.a(fp_split3.o)
 .text          0x00000000        0x0 d:/7.0/toolchain/avr8/avr8-gnu-toolchain/bin/../lib/gcc/avr/5.4.0/../../../../avr/lib/avr5\libm.a(fp_zero.o)
 .data          0x00000000        0x0 d:/7.0/toolchain/avr8/avr8-gnu-toolchain/bin/../lib/gcc/avr/5.4.0/../../../../avr/lib/avr5\libm.a(fp_zero.o)
 .bss           0x00000000        0x0 d:/7.0/toolchain/avr8/avr8-gnu-toolchain/bin/../lib/gcc/avr/5.4.0/../../../../avr/lib/avr5\libm.a(fp_zero.o)
 .text.avr-libc.fplib
                0x00000000        0xe d:/7.0/toolchain/avr8/avr8-gnu-toolchain/bin/../lib/gcc/avr/5.4.0/../../../../avr/lib/avr5\libm.a(fp_zero.o)
 .text          0x00000000        0x0 d:/7.0/toolchain/avr8/avr8-gnu-toolchain/bin/../lib/gcc/avr/5.4.0/../../../../avr/lib/avr5\libm.a(mulsf3.o)
 .data          0x00000000        0x0 d:/7.0/toolchain/avr8/avr8-gnu-toolchain/bin/../lib/gcc/avr/5.4.0/../../../../avr/lib/avr5\libm.a(mulsf3.o)
 .bss           0x00000000        0x0 d:/7.0/toolchain/avr8/avr8-gnu-toolchain/bin/../lib/gcc/avr/5.4.0/../../../../avr/lib/avr5\libm.a(mulsf3.o)
 .text.avr-libc.fplib
                0x00000000        0x8 d:/7.0/toolchain/avr8/avr8-gnu-toolchain/bin/../lib/gcc/avr/5.4.0/../../../../avr/lib/avr5\libm.a(mulsf3.o)
 .text          0x00000000        0x0 d:/7.0/toolchain/avr8/avr8-gnu-toolchain/bin/../lib/gcc/avr/5.4.0/../../../../avr/lib/avr5\libm.a(mulsf3x.o)
 .data          0x00000000        0x0 d:/7.0/toolchain/avr8/avr8-gnu-toolchain/bin/../lib/gcc/avr/5.4.0/../../../../avr/lib/avr5\libm.a(mulsf3x.o)
 .bss           0x00000000        0x0 d:/7.0/toolchain/avr8/avr8-gnu-toolchain/bin/../lib/gcc/avr/5.4.0/../../../../avr/lib/avr5\libm.a(mulsf3x.o)
 .text.avr-libc.fplib
                0x00000000       0xd2 d:/7.0/toolchain/avr8/avr8-gnu-toolchain/bin/../lib/gcc/avr/5.4.0/../../../../avr/lib/avr5\libm.a(mulsf3x.o)
 .text          0x00000000        0x0 d:/7.0/toolchain/avr8/avr8-gnu-toolchain/bin/../lib/gcc/avr/5.4.0/avr5\libgcc.a(_exit.o)
 .data          0x00000000        0x0 d:/7.0/toolchain/avr8/avr8-gnu-toolchain/bin/../lib/gcc/avr/5.4.0/avr5\libgcc.a(_exit.o)
 .bss           0x00000000        0x0 d:/7.0/toolchain/avr8/avr8-gnu-toolchain/bin/../lib/gcc/avr/5.4.0/avr5\libgcc.a(_exit.o)
 .text.libgcc.mul
                0x00000000        0x0 d:/7.0/toolchain/avr8/avr8-gnu-toolchain/bin/../lib/gcc/avr/5.4.0/avr5\libgcc.a(_exit.o)
 .text.libgcc.div
                0x00000000        0x0 d:/7.0/toolchain/avr8/avr8-gnu-toolchain/bin/../lib/gcc/avr/5.4.0/avr5\libgcc.a(_exit.o)
 .text.libgcc   0x00000000        0x0 d:/7.0/toolchain/avr8/avr8-gnu-toolchain/bin/../lib/gcc/avr/5.4.0/avr5\libgcc.a(_exit.o)
 .text.libgcc.prologue
                0x00000000        0x0 d:/7.0/toolchain/avr8/avr8-gnu-toolchain/bin/../lib/gcc/avr/5.4.0/avr5\libgcc.a(_exit.o)
 .text.libgcc.builtins
                0x00000000        0x0 d:/7.0/toolchain/avr8/avr8-gnu-toolchain/bin/../lib/gcc/avr/5.4.0/avr5\libgcc.a(_exit.o)
 .text.libgcc.fmul
                0x00000000        0x0 d:/7.0/toolchain/avr8/avr8-gnu-toolchain/bin/../lib/gcc/avr/5.4.0/avr5\libgcc.a(_exit.o)
 .text.libgcc.fixed
                0x00000000        0x0 d:/7.0/toolchain/avr8/avr8-gnu-toolchain/bin/../lib/gcc/avr/5.4.0/avr5\libgcc.a(_exit.o)
 .text          0x00000000        0x0 d:/7.0/toolchain/avr8/avr8-gnu-toolchain/bin/../lib/gcc/avr/5.4.0/avr5\libgcc.a(_copy_data.o)
 .data          0x00000000        0x0 d:/7.0/toolchain/avr8/avr8-gnu-toolchain/bin/../lib/gcc/avr/5.4.0/avr5\libgcc.a(_copy_data.o)
 .bss           0x00000000        0x0 d:/7.0/toolchain/avr8/avr8-gnu-toolchain/bin/../lib/gcc/avr/5.4.0/avr5\libgcc.a(_copy_data.o)
 .text.libgcc.mul
                0x00000000        0x0 d:/7.0/toolchain/avr8/avr8-gnu-toolchain/bin/../lib/gcc/avr/5.4.0/avr5\libgcc.a(_copy_data.o)
 .text.libgcc.div
                0x00000000        0x0 d:/7.0/toolchain/avr8/avr8-gnu-toolchain/bin/../lib/gcc/avr/5.4.0/avr5\libgcc.a(_copy_data.o)
 .text.libgcc   0x00000000        0x0 d:/7.0/toolchain/avr8/avr8-gnu-toolchain/bin/../lib/gcc/avr/5.4.0/avr5\libgcc.a(_copy_data.o)
 .text.libgcc.prologue
                0x00000000        0x0 d:/7.0/toolchain/avr8/avr8-gnu-toolchain/bin/../lib/gcc/avr/5.4.0/avr5\libgcc.a(_copy_data.o)
 .text.libgcc.builtins
                0x00000000        0x0 d:/7.0/toolchain/avr8/avr8-gnu-toolchain/bin/../lib/gcc/avr/5.4.0/avr5\libgcc.a(_copy_data.o)
 .text.libgcc.fmul
                0x00000000        0x0 d:/7.0/toolchain/avr8/avr8-gnu-toolchain/bin/../lib/gcc/avr/5.4.0/avr5\libgcc.a(_copy_data.o)
 .text.libgcc.fixed
                0x00000000        0x0 d:/7.0/toolchain/avr8/avr8-gnu-toolchain/bin/../lib/gcc/avr/5.4.0/avr5\libgcc.a(_copy_data.o)
 .text          0x00000000        0x0 d:/7.0/toolchain/avr8/avr8-gnu-toolchain/bin/../lib/gcc/avr/5.4.0/avr5\libgcc.a(_clear_bss.o)
 .data          0x00000000        0x0 d:/7.0/toolchain/avr8/avr8-gnu-toolchain/bin/../lib/gcc/avr/5.4.0/avr5\libgcc.a(_clear_bss.o)
 .bss           0x00000000        0x0 d:/7.0/toolchain/avr8/avr8-gnu-toolchain/bin/../lib/gcc/avr/5.4.0/avr5\libgcc.a(_clear_bss.o)
 .text.libgcc.mul
                0x00000000        0x0 d:/7.0/toolchain/avr8/avr8-gnu-toolchain/bin/../lib/gcc/avr/5.4.0/avr5\libgcc.a(_clear_bss.o)
 .text.libgcc.div
                0x00000000        0x0 d:/7.0/toolchain/avr8/avr8-gnu-toolchain/bin/../lib/gcc/avr/5.4.0/avr5\libgcc.a(_clear_bss.o)
 .text.libgcc   0x00000000        0x0 d:/7.0/toolchain/avr8/avr8-gnu-toolchain/bin/../lib/gcc/avr/5.4.0/avr5\libgcc.a(_clear_bss.o)
 .text.libgcc.prologue
                0x00000000        0x0 d:/7.0/toolchain/avr8/avr8-gnu-toolchain/bin/../lib/gcc/avr/5.4.0/avr5\libgcc.a(_clear_bss.o)
 .text.libgcc.builtins
                0x00000000        0x0 d:/7.0/toolchain/avr8/avr8-gnu-toolchain/bin/../lib/gcc/avr/5.4.0/avr5\libgcc.a(_clear_bss.o)
 .text.libgcc.fmul
                0x00000000        0x0 d:/7.0/toolchain/avr8/avr8-gnu-toolchain/bin/../lib/gcc/avr/5.4.0/avr5\libgcc.a(_clear_bss.o)
 .text.libgcc.fixed
                0x00000000        0x0 d:/7.0/toolchain/avr8/avr8-gnu-toolchain/bin/../lib/gcc/avr/5.4.0/avr5\libgcc.a(_clear_bss.o)
 .text          0x00000000        0x0 d:/7.0/toolchain/avr8/avr8-gnu-toolchain/bin/../lib/gcc/avr/5.4.0/avr5\libgcc.a(_umulhisi3.o)
 .data          0x00000000        0x0 d:/7.0/toolchain/avr8/avr8-gnu-toolchain/bin/../lib/gcc/avr/5.4.0/avr5\libgcc.a(_umulhisi3.o)
 .bss           0x00000000        0x0 d:/7.0/toolchain/avr8/avr8-gnu-toolchain/bin/../lib/gcc/avr/5.4.0/avr5\libgcc.a(_umulhisi3.o)
 .text.libgcc.mul
                0x00000000       0x1e d:/7.0/toolchain/avr8/avr8-gnu-toolchain/bin/../lib/gcc/avr/5.4.0/avr5\libgcc.a(_umulhisi3.o)
 .text.libgcc.div
                0x00000000        0x0 d:/7.0/toolchain/avr8/avr8-gnu-toolchain/bin/../lib/gcc/avr/5.4.0/avr5\libgcc.a(_umulhisi3.o)
 .text.libgcc   0x00000000        0x0 d:/7.0/toolchain/avr8/avr8-gnu-toolchain/bin/../lib/gcc/avr/5.4.0/avr5\libgcc.a(_umulhisi3.o)
 .text.libgcc.prologue
                0x00000000        0x0 d:/7.0/toolchain/avr8/avr8-gnu-toolchain/bin/../lib/gcc/avr/5.4.0/avr5\libgcc.a(_umulhisi3.o)
 .text.libgcc.builtins
                0x00000000        0x0 d:/7.0/toolchain/avr8/avr8-gnu-toolchain/bin/../lib/gcc/avr/5.4.0/avr5\libgcc.a(_umulhisi3.o)
 .text.libgcc.fmul
                0x00000000        0x0 d:/7.0/toolchain/avr8/avr8-gnu-toolchain/bin/../lib/gcc/avr/5.4.0/avr5\libgcc.a(_umulhisi3.o)
 .text.libgcc.fixed
                0x00000000        0x0 d:/7.0/toolchain/avr8/avr8-gnu-toolchain/bin/../lib/gcc/avr/5.4.0/avr5\libgcc.a(_umulhisi3.o)
 .text          0x00000000        0x0 d:/7.0/toolchain/avr8/avr8-gnu-toolchain/bin/../lib/gcc/avr/5.4.0/avr5\libgcc.a(_muluhisi3.o)
 .data          0x00000000        0x0 d:/7.0/toolchain/avr8/avr8-gnu-toolchain/bin/../lib/gcc/avr/5.4.0/avr5\libgcc.a(_muluhisi3.o)
 .bss           0x00000000        0x0 d:/7.0/toolchain/avr8/avr8-gnu-toolchain/bin/../lib/gcc/avr/5.4.0/avr5\libgcc.a(_muluhisi3.o)
 .text.libgcc.mul
                0x00000000       0x16 d:/7.0/toolchain/avr8/avr8-gnu-toolchain/bin/../lib/gcc/avr/5.4.0/avr5\libgcc.a(_muluhisi3.o)
 .text.libgcc.div
                0x00000000        0x0 d:/7.0/toolchain/avr8/avr8-gnu-toolchain/bin/../lib/gcc/avr/5.4.0/avr5\libgcc.a(_muluhisi3.o)
 .text.libgcc   0x00000000        0x0 d:/7.0/toolchain/avr8/avr8-gnu-toolchain/bin/../lib/gcc/avr/5.4.0/avr5\libgcc.a(_muluhisi3.o)
 .text.libgcc.prologue
                0x00000000        0x0 d:/7.0/toolchain/avr8/avr8-gnu-toolchain/bin/../lib/gcc/avr/5.4.0/avr5\libgcc.a(_muluhisi3.o)
 .text.libgcc.builtins
                0x00000000        0x0 d:/7.0/toolchain/avr8/avr8-gnu-toolchain/bin/../lib/gcc/avr/5.4.0/avr5\libgcc.a(_muluhisi3.o)
 .text.libgcc.fmul
                0x00000000        0x0 d:/7.0/toolchain/avr8/avr8-gnu-toolchain/bin/../lib/gcc/avr/5.4.0/avr5\libgcc.a(_muluhisi3.o)
 .text.libgcc.fixed
                0x00000000        0x0 d:/7.0/toolchain/avr8/avr8-gnu-toolchain/bin/../lib/gcc/avr/5.4.0/avr5\libgcc.a(_muluhisi3.o)

Memory Configuration

Name             Origin             Length             Attributes
text             0x00000000         0x00008000         xr
data             0x00800060         0x00000800         rw !x
eeprom           0x00810000         0x00000400         rw !x
fuse             0x00820000         0x00000002         rw !x
lock             0x00830000         0x00000400         rw !x
signature        0x00840000         0x00000400         rw !x
user_signatures  0x00850000         0x00000400         rw !x
*default*        0x00000000         0xffffffff

Linker script and memory map

LOAD D:/7.0/Packs/atmel/ATmega_DFP/1.7.374/gcc/dev/atmega32/avr5/crtatmega32.o
LOAD ECU/Bottom/BOTTOM_Program.o
LOAD ECU/BUZZER/BUZZER_Program.o
LOAD ECU/DC_Motor/DC_Porgram.o
LOAD ECU/KEYPAD/KEYPAD_Program.o
LOAD ECU/LCD/LCD_Program.o
LOAD ECU/LED/LED_Program.o
LOAD ECU/Segment7/Segment7_Program.o
LOAD main.o
LOAD MCAL/ADC/ADC_Program.o
LOAD MCAL/DIO/DIO_Program.o
LOAD MCAL/EXTI0/EXTI0_Program.o
LOAD MCAL/EXTI1/EXTI1_Program.o
LOAD MCAL/GIE/GIE_Program.o
LOAD MCAL/TIMER0/TIMER0_Program.o
LOAD MCAL/TIMER1/TIMER1_Progrma.o
START GROUP
LOAD d:/7.0/toolchain/avr8/avr8-gnu-toolchain/bin/../lib/gcc/avr/5.4.0/../../../../avr/lib/avr5\libm.a
END GROUP
START GROUP
LOAD d:/7.0/toolchain/avr8/avr8-gnu-toolchain/bin/../lib/gcc/avr/5.4.0/avr5\libgcc.a
LOAD d:/7.0/toolchain/avr8/avr8-gnu-toolchain/bin/../lib/gcc/avr/5.4.0/../../../../avr/lib/avr5\libm.a
LOAD d:/7.0/toolchain/avr8/avr8-gnu-toolchain/bin/../lib/gcc/avr/5.4.0/../../../../avr/lib/avr5\libc.a
LOAD D:/7.0/Packs/atmel/ATmega_DFP/1.7.374/gcc/dev/atmega32/avr5\libatmega32.a
END GROUP
                0x00000000                __TEXT_REGION_ORIGIN__ = DEFINED (__TEXT_REGION_ORIGIN__)?__TEXT_REGION_ORIGIN__:0x0
                [0x00800060]                __DATA_REGION_ORIGIN__ = DEFINED (__DATA_REGION_ORIGIN__)?__DATA_REGION_ORIGIN__:0x800060
                [0x00008000]                __TEXT_REGION_LENGTH__ = DEFINED (__TEXT_REGION_LENGTH__)?__TEXT_REGION_LENGTH__:0x20000
                [0x00000800]                __DATA_REGION_LENGTH__ = DEFINED (__DATA_REGION_LENGTH__)?__DATA_REGION_LENGTH__:0xffa0
                [0x00000400]                __EEPROM_REGION_LENGTH__ = DEFINED (__EEPROM_REGION_LENGTH__)?__EEPROM_REGION_LENGTH__:0x10000
                [0x00000002]                __FUSE_REGION_LENGTH__ = DEFINED (__FUSE_REGION_LENGTH__)?__FUSE_REGION_LENGTH__:0x400
                0x00000400                __LOCK_REGION_LENGTH__ = DEFINED (__LOCK_REGION_LENGTH__)?__LOCK_REGION_LENGTH__:0x400
                0x00000400                __SIGNATURE_REGION_LENGTH__ = DEFINED (__SIGNATURE_REGION_LENGTH__)?__SIGNATURE_REGION_LENGTH__:0x400
                0x00000400                __USER_SIGNATURE_REGION_LENGTH__ = DEFINED (__USER_SIGNATURE_REGION_LENGTH__)?__USER_SIGNATURE_REGION_LENGTH__:0x400

.hash
 *(.hash)

.dynsym
 *(.dynsym)

.dynstr
 *(.dynstr)

.gnu.version
 *(.gnu.version)

.gnu.version_d
 *(.gnu.version_d)

.gnu.version_r
 *(.gnu.version_r)

.rel.init
 *(.rel.init)

.rela.init
 *(.rela.init)

.rel.text
 *(.rel.text)
 *(.rel.text.*)
 *(.rel.gnu.linkonce.t*)

.rela.text
 *(.rela.text)
 *(.rela.text.*)
 *(.rela.gnu.linkonce.t*)

.rel.fini
 *(.rel.fini)

.rela.fini
 *(.rela.fini)

.rel.rodata
 *(.rel.rodata)
 *(.rel.rodata.*)
 *(.rel.gnu.linkonce.r*)

.rela.rodata
 *(.rela.rodata)
 *(.rela.rodata.*)
 *(.rela.gnu.linkonce.r*)

.rel.data
 *(.rel.data)
 *(.rel.data.*)
 *(.rel.gnu.linkonce.d*)

.rela.data
 *(.rela.data)
 *(.rela.data.*)
 *(.rela.gnu.linkonce.d*)

.rel.ctors
 *(.rel.ctors)

.rela.ctors
 *(.rela.ctors)

.rel.dtors
 *(.rel.dtors)

.rela.dtors
 *(.rela.dtors)

.rel.got
 *(.rel.got)

.rela.got
 *(.rela.got)

.rel.bss
 *(.rel.bss)

.rela.bss
 *(.rela.bss)

.rel.plt
 *(.rel.plt)

.rela.plt
 *(.rela.plt)

.text           0x00000000      0x1e4
 *(.vectors)
 .vectors       0x00000000       0x54 D:/7.0/Packs/atmel/ATmega_DFP/1.7.374/gcc/dev/atmega32/avr5/crtatmega32.o
                0x00000000                __vector_default
                0x00000000                __vectors
 *(.vectors)
 *(.progmem.gcc*)
                0x00000054                . = ALIGN (0x2)
                0x00000054                __trampolines_start = .
 *(.trampolines)
 .trampolines   0x00000054        0x0 linker stubs
 *(.trampolines*)
                0x00000054                __trampolines_end = .
 *libprintf_flt.a:*(.progmem.data)
 *libc.a:*(.progmem.data)
 *(.progmem*)
                0x00000054                . = ALIGN (0x2)
 *(.jumptables)
 *(.jumptables*)
 *(.lowtext)
 *(.lowtext*)
                0x00000054                __ctors_start = .
 *(.ctors)
                0x00000054                __ctors_end = .
                0x00000054                __dtors_start = .
 *(.dtors)
                0x00000054                __dtors_end = .
 SORT(*)(.ctors)
 SORT(*)(.dtors)
 *(.init0)
 .init0         0x00000054        0x0 D:/7.0/Packs/atmel/ATmega_DFP/1.7.374/gcc/dev/atmega32/avr5/crtatmega32.o
                0x00000054                __init
 *(.init0)
 *(.init1)
 *(.init1)
 *(.init2)
 .init2         0x00000054        0xc D:/7.0/Packs/atmel/ATmega_DFP/1.7.374/gcc/dev/atmega32/avr5/crtatmega32.o
 *(.init2)
 *(.init3)
 *(.init3)
 *(.init4)
 .init4         0x00000060       0x16 d:/7.0/toolchain/avr8/avr8-gnu-toolchain/bin/../lib/gcc/avr/5.4.0/avr5\libgcc.a(_copy_data.o)
                0x00000060                __do_copy_data
 .init4         0x00000076       0x10 d:/7.0/toolchain/avr8/avr8-gnu-toolchain/bin/../lib/gcc/avr/5.4.0/avr5\libgcc.a(_clear_bss.o)
                0x00000076                __do_clear_bss
 *(.init4)
 *(.init5)
 *(.init5)
 *(.init6)
 *(.init6)
 *(.init7)
 *(.init7)
 *(.init8)
 *(.init8)
 *(.init9)
 .init9         0x00000086        0x8 D:/7.0/Packs/atmel/ATmega_DFP/1.7.374/gcc/dev/atmega32/avr5/crtatmega32.o
 *(.init9)
 *(.text)
 .text          0x0000008e        0x4 D:/7.0/Packs/atmel/ATmega_DFP/1.7.374/gcc/dev/atmega32/avr5/crtatmega32.o
                0x0000008e                __vector_12
                0x0000008e                __bad_interrupt
                0x0000008e                __vector_6
                0x0000008e                __vector_3
                0x0000008e                __vector_13
                0x0000008e                __vector_17
                0x0000008e                __vector_19
                0x0000008e                __vector_7
                0x0000008e                __vector_5
                0x0000008e                __vector_4
                0x0000008e                __vector_9
                0x0000008e                __vector_15
                0x0000008e                __vector_8
                0x0000008e                __vector_14
                0x0000008e                __vector_18
                0x0000008e                __vector_20
                0x00000092                . = ALIGN (0x2)
 *(.text.*)
 .text.main     0x00000092        0x2 main.o
                0x00000092                main
 .text.__vector_16
                0x00000094       0x4e MCAL/ADC/ADC_Program.o
                0x00000094                __vector_16
 .text.__vector_1
                0x000000e2       0x4e MCAL/EXTI0/EXTI0_Program.o
                0x000000e2                __vector_1
 .text.__vector_2
                0x00000130       0x4e MCAL/EXTI1/EXTI1_Program.o
                0x00000130                __vector_2
 .text.__vector_10
                0x0000017e       0x14 MCAL/TIMER0/TIMER0_Program.o
                0x0000017e                __vector_10
 .text.__vector_11
                0x00000192       0x4e MCAL/TIMER0/TIMER0_Program.o
                0x00000192                __vector_11
                0x000001e0                . = ALIGN (0x2)
 *(.fini9)
 .fini9         0x000001e0        0x0 d:/7.0/toolchain/avr8/avr8-gnu-toolchain/bin/../lib/gcc/avr/5.4.0/avr5\libgcc.a(_exit.o)
                0x000001e0                _exit
                0x000001e0                exit
 *(.fini9)
 *(.fini8)
 *(.fini8)
 *(.fini7)
 *(.fini7)
 *(.fini6)
 *(.fini6)
 *(.fini5)
 *(.fini5)
 *(.fini4)
 *(.fini4)
 *(.fini3)
 *(.fini3)
 *(.fini2)
 *(.fini2)
 *(.fini1)
 *(.fini1)
 *(.fini0)
 .fini0         0x000001e0        0x4 d:/7.0/toolchain/avr8/avr8-gnu-toolchain/bin/../lib/gcc/avr/5.4.0/avr5\libgcc.a(_exit.o)
 *(.fini0)
                0x000001e4                _etext = .

.data           0x00800060        0x0 load address 0x000001e4
                0x00800060                PROVIDE (__data_start, .)
 *(.data)
 *(.data*)
 *(.gnu.linkonce.d*)
 *(.rodata)
 *(.rodata*)
 *(.gnu.linkonce.r*)
                0x00800060                . = ALIGN (0x2)
                0x00800060                _edata = .
                0x00800060                PROVIDE (__data_end, .)

.bss            0x00800060        0x8
                0x00800060                PROVIDE (__bss_start, .)
 *(.bss)
 *(.bss*)
 .bss.ADC_CALLBACK
                0x00800060        0x2 MCAL/ADC/ADC_Program.o
                0x00800060                ADC_CALLBACK
 .bss.func_CallBack
                0x00800062        0x2 MCAL/EXTI0/EXTI0_Program.o
 .bss.func_CallBack
                0x00800064        0x2 MCAL/EXTI1/EXTI1_Program.o
 .bss.FUNC_PTR  0x00800066        0x2 MCAL/TIMER0/TIMER0_Program.o
                0x00800066                FUNC_PTR
 *(COMMON)
                0x00800068                PROVIDE (__bss_end, .)
                0x000001e4                __data_load_start = LOADADDR (.data)
                0x000001e4                __data_load_end = (__data_load_start + SIZEOF (.data))

.noinit         0x00800068        0x0
                [!provide]                PROVIDE (__noinit_start, .)
 *(.noinit*)
                [!provide]                PROVIDE (__noinit_end, .)
                0x00800068                _end = .
                [!provide]                PROVIDE (__heap_start, .)

.eeprom         0x00810000        0x0
 *(.eeprom*)
                0x00810000                __eeprom_end = .

.fuse
 *(.fuse)
 *(.lfuse)
 *(.hfuse)
 *(.efuse)

.lock
 *(.lock*)

.signature
 *(.signature*)

.user_signatures
 *(.user_signatures*)

.stab
 *(.stab)

.stabstr
 *(.stabstr)

.stab.excl
 *(.stab.excl)

.stab.exclstr
 *(.stab.exclstr)

.stab.index
 *(.stab.index)

.stab.indexstr
 *(.stab.indexstr)

.comment        0x00000000       0x30
 *(.comment)
 .comment       0x00000000       0x30 main.o
                                 0x31 (size before relaxing)
 .comment       0x00000030       0x31 MCAL/ADC/ADC_Program.o
 .comment       0x00000030       0x31 MCAL/EXTI0/EXTI0_Program.o
 .comment       0x00000030       0x31 MCAL/EXTI1/EXTI1_Program.o
 .comment       0x00000030       0x31 MCAL/TIMER0/TIMER0_Program.o

.note.gnu.avr.deviceinfo
                0x00000000       0x3c
 .note.gnu.avr.deviceinfo
                0x00000000       0x3c D:/7.0/Packs/atmel/ATmega_DFP/1.7.374/gcc/dev/atmega32/avr5/crtatmega32.o

.note.gnu.build-id
 *(.note.gnu.build-id)

.debug
 *(.debug)

.line
 *(.line)

.debug_srcinfo
 *(.debug_srcinfo)

.debug_sfnames
 *(.debug_sfnames)

.debug_aranges  0x00000000      0x1d0
 *(.debug_aranges)
 .debug_aranges
                0x00000000       0x20 main.o
 .debug_aranges
                0x00000020       0x98 MCAL/ADC/ADC_Program.o
 .debug_aranges
                0x000000b8       0x60 MCAL/EXTI0/EXTI0_Program.o
 .debug_aranges
                0x00000118       0x60 MCAL/EXTI1/EXTI1_Program.o
 .debug_aranges
                0x00000178       0x58 MCAL/TIMER0/TIMER0_Program.o

.debug_pubnames
 *(.debug_pubnames)

.debug_info     0x00000000      0xec3
 *(.debug_info .gnu.linkonce.wi.*)
 .debug_info    0x00000000      0x4e6 D:/7.0/Packs/atmel/ATmega_DFP/1.7.374/gcc/dev/atmega32/avr5/crtatmega32.o
 .debug_info    0x000004e6       0xa0 main.o
 .debug_info    0x00000586      0x2f7 MCAL/ADC/ADC_Program.o
 .debug_info    0x0000087d      0x264 MCAL/EXTI0/EXTI0_Program.o
 .debug_info    0x00000ae1      0x264 MCAL/EXTI1/EXTI1_Program.o
 .debug_info    0x00000d45      0x17e MCAL/TIMER0/TIMER0_Program.o

.debug_abbrev   0x00000000      0x8e6
 *(.debug_abbrev)
 .debug_abbrev  0x00000000      0x4a3 D:/7.0/Packs/atmel/ATmega_DFP/1.7.374/gcc/dev/atmega32/avr5/crtatmega32.o
 .debug_abbrev  0x000004a3       0x49 main.o
 .debug_abbrev  0x000004ec      0x143 MCAL/ADC/ADC_Program.o
 .debug_abbrev  0x0000062f       0xe7 MCAL/EXTI0/EXTI0_Program.o
 .debug_abbrev  0x00000716       0xe7 MCAL/EXTI1/EXTI1_Program.o
 .debug_abbrev  0x000007fd       0xe9 MCAL/TIMER0/TIMER0_Program.o

.debug_line     0x00000000      0x8e9
 *(.debug_line .debug_line.* .debug_line_end)
 .debug_line    0x00000000      0x116 D:/7.0/Packs/atmel/ATmega_DFP/1.7.374/gcc/dev/atmega32/avr5/crtatmega32.o
 .debug_line    0x00000116       0x39 main.o
 .debug_line    0x0000014f      0x2b4 MCAL/ADC/ADC_Program.o
 .debug_line    0x00000403      0x1c0 MCAL/EXTI0/EXTI0_Program.o
 .debug_line    0x000005c3      0x1c0 MCAL/EXTI1/EXTI1_Program.o
 .debug_line    0x00000783      0x166 MCAL/TIMER0/TIMER0_Program.o

.debug_frame    0x00000000      0x47c
 *(.debug_frame)
 .debug_frame   0x00000000       0x24 main.o
 .debug_frame   0x00000024      0x198 MCAL/ADC/ADC_Program.o
 .debug_frame   0x000001bc       0xec MCAL/EXTI0/EXTI0_Program.o
 .debug_frame   0x000002a8       0xec MCAL/EXTI1/EXTI1_Program.o
 .debug_frame   0x00000394       0xe8 MCAL/TIMER0/TIMER0_Program.o

.debug_str      0x00000000      0x69c
 *(.debug_str)
 .debug_str     0x00000000      0x196 D:/7.0/Packs/atmel/ATmega_DFP/1.7.374/gcc/dev/atmega32/avr5/crtatmega32.o
 .debug_str     0x00000196      0x166 main.o
                                0x19f (size before relaxing)
 .debug_str     0x000002fc      0x146 MCAL/ADC/ADC_Program.o
                                0x29f (size before relaxing)
 .debug_str     0x00000442       0xdb MCAL/EXTI0/EXTI0_Program.o
                                0x23f (size before relaxing)
 .debug_str     0x0000051d       0xb8 MCAL/EXTI1/EXTI1_Program.o
                                0x23f (size before relaxing)
 .debug_str     0x000005d5       0xc7 MCAL/TIMER0/TIMER0_Program.o
                                0x21c (size before relaxing)

.debug_loc      0x00000000      0x53a
 *(.debug_loc)
 .debug_loc     0x00000000      0x27e MCAL/ADC/ADC_Program.o
 .debug_loc     0x0000027e       0xcb MCAL/EXTI0/EXTI0_Program.o
 .debug_loc     0x00000349       0xcb MCAL/EXTI1/EXTI1_Program.o
 .debug_loc     0x00000414      0x126 MCAL/TIMER0/TIMER0_Program.o

.debug_macinfo
 *(.debug_macinfo)

.debug_weaknames
 *(.debug_weaknames)

.debug_funcnames
 *(.debug_funcnames)

.debug_typenames
 *(.debug_typenames)

.debug_varnames
 *(.debug_varnames)

.debug_pubtypes
 *(.debug_pubtypes)

.debug_ranges   0x00000000      0x180
 *(.debug_ranges)
 .debug_ranges  0x00000000       0x10 main.o
 .debug_ranges  0x00000010       0x88 MCAL/ADC/ADC_Program.o
 .debug_ranges  0x00000098       0x50 MCAL/EXTI0/EXTI0_Program.o
 .debug_ranges  0x000000e8       0x50 MCAL/EXTI1/EXTI1_Program.o
 .debug_ranges  0x00000138       0x48 MCAL/TIMER0/TIMER0_Program.o

.debug_macro
 *(.debug_macro)
OUTPUT(GccApplication1.elf elf32-avr)
LOAD linker stubs
