Archive member included to satisfy reference by file (symbol)

c:/st/stm32cubeide_1.12.1/stm32cubeide/plugins/com.st.stm32cube.ide.mcu.externaltools.gnu-tools-for-stm32.10.3-2021.10.win32_1.0.200.202301161003/tools/bin/../lib/gcc/arm-none-eabi/10.3.1/../../../../arm-none-eabi/lib/thumb/v7e-m+fp/hard\libc_nano.a(lib_a-exit.o)
                              c:/st/stm32cubeide_1.12.1/stm32cubeide/plugins/com.st.stm32cube.ide.mcu.externaltools.gnu-tools-for-stm32.10.3-2021.10.win32_1.0.200.202301161003/tools/bin/../lib/gcc/arm-none-eabi/10.3.1/../../../../arm-none-eabi/lib/thumb/v7e-m+fp/hard/crt0.o (exit)
c:/st/stm32cubeide_1.12.1/stm32cubeide/plugins/com.st.stm32cube.ide.mcu.externaltools.gnu-tools-for-stm32.10.3-2021.10.win32_1.0.200.202301161003/tools/bin/../lib/gcc/arm-none-eabi/10.3.1/../../../../arm-none-eabi/lib/thumb/v7e-m+fp/hard\libc_nano.a(lib_a-impure.o)
                              c:/st/stm32cubeide_1.12.1/stm32cubeide/plugins/com.st.stm32cube.ide.mcu.externaltools.gnu-tools-for-stm32.10.3-2021.10.win32_1.0.200.202301161003/tools/bin/../lib/gcc/arm-none-eabi/10.3.1/../../../../arm-none-eabi/lib/thumb/v7e-m+fp/hard\libc_nano.a(lib_a-exit.o) (_global_impure_ptr)
c:/st/stm32cubeide_1.12.1/stm32cubeide/plugins/com.st.stm32cube.ide.mcu.externaltools.gnu-tools-for-stm32.10.3-2021.10.win32_1.0.200.202301161003/tools/bin/../lib/gcc/arm-none-eabi/10.3.1/../../../../arm-none-eabi/lib/thumb/v7e-m+fp/hard\libc_nano.a(lib_a-init.o)
                              c:/st/stm32cubeide_1.12.1/stm32cubeide/plugins/com.st.stm32cube.ide.mcu.externaltools.gnu-tools-for-stm32.10.3-2021.10.win32_1.0.200.202301161003/tools/bin/../lib/gcc/arm-none-eabi/10.3.1/../../../../arm-none-eabi/lib/thumb/v7e-m+fp/hard/crt0.o (__libc_init_array)
c:/st/stm32cubeide_1.12.1/stm32cubeide/plugins/com.st.stm32cube.ide.mcu.externaltools.gnu-tools-for-stm32.10.3-2021.10.win32_1.0.200.202301161003/tools/bin/../lib/gcc/arm-none-eabi/10.3.1/../../../../arm-none-eabi/lib/thumb/v7e-m+fp/hard\libc_nano.a(lib_a-memset.o)
                              c:/st/stm32cubeide_1.12.1/stm32cubeide/plugins/com.st.stm32cube.ide.mcu.externaltools.gnu-tools-for-stm32.10.3-2021.10.win32_1.0.200.202301161003/tools/bin/../lib/gcc/arm-none-eabi/10.3.1/../../../../arm-none-eabi/lib/thumb/v7e-m+fp/hard/crt0.o (memset)
c:/st/stm32cubeide_1.12.1/stm32cubeide/plugins/com.st.stm32cube.ide.mcu.externaltools.gnu-tools-for-stm32.10.3-2021.10.win32_1.0.200.202301161003/tools/bin/../lib/gcc/arm-none-eabi/10.3.1/../../../../arm-none-eabi/lib/thumb/v7e-m+fp/hard\libnosys.a(_exit.o)
                              c:/st/stm32cubeide_1.12.1/stm32cubeide/plugins/com.st.stm32cube.ide.mcu.externaltools.gnu-tools-for-stm32.10.3-2021.10.win32_1.0.200.202301161003/tools/bin/../lib/gcc/arm-none-eabi/10.3.1/../../../../arm-none-eabi/lib/thumb/v7e-m+fp/hard\libc_nano.a(lib_a-exit.o) (_exit)

Discarded input sections

 .text          0x0000000000000000        0x0 c:/st/stm32cubeide_1.12.1/stm32cubeide/plugins/com.st.stm32cube.ide.mcu.externaltools.gnu-tools-for-stm32.10.3-2021.10.win32_1.0.200.202301161003/tools/bin/../lib/gcc/arm-none-eabi/10.3.1/thumb/v7e-m+fp/hard/crti.o
 .data          0x0000000000000000        0x0 c:/st/stm32cubeide_1.12.1/stm32cubeide/plugins/com.st.stm32cube.ide.mcu.externaltools.gnu-tools-for-stm32.10.3-2021.10.win32_1.0.200.202301161003/tools/bin/../lib/gcc/arm-none-eabi/10.3.1/thumb/v7e-m+fp/hard/crti.o
 .bss           0x0000000000000000        0x0 c:/st/stm32cubeide_1.12.1/stm32cubeide/plugins/com.st.stm32cube.ide.mcu.externaltools.gnu-tools-for-stm32.10.3-2021.10.win32_1.0.200.202301161003/tools/bin/../lib/gcc/arm-none-eabi/10.3.1/thumb/v7e-m+fp/hard/crti.o
 .data          0x0000000000000000        0x4 c:/st/stm32cubeide_1.12.1/stm32cubeide/plugins/com.st.stm32cube.ide.mcu.externaltools.gnu-tools-for-stm32.10.3-2021.10.win32_1.0.200.202301161003/tools/bin/../lib/gcc/arm-none-eabi/10.3.1/thumb/v7e-m+fp/hard/crtbegin.o
 .rodata        0x0000000000000000       0x24 c:/st/stm32cubeide_1.12.1/stm32cubeide/plugins/com.st.stm32cube.ide.mcu.externaltools.gnu-tools-for-stm32.10.3-2021.10.win32_1.0.200.202301161003/tools/bin/../lib/gcc/arm-none-eabi/10.3.1/thumb/v7e-m+fp/hard/crtbegin.o
 .text          0x0000000000000000       0x7c c:/st/stm32cubeide_1.12.1/stm32cubeide/plugins/com.st.stm32cube.ide.mcu.externaltools.gnu-tools-for-stm32.10.3-2021.10.win32_1.0.200.202301161003/tools/bin/../lib/gcc/arm-none-eabi/10.3.1/../../../../arm-none-eabi/lib/thumb/v7e-m+fp/hard/crt0.o
 .data          0x0000000000000000        0x0 c:/st/stm32cubeide_1.12.1/stm32cubeide/plugins/com.st.stm32cube.ide.mcu.externaltools.gnu-tools-for-stm32.10.3-2021.10.win32_1.0.200.202301161003/tools/bin/../lib/gcc/arm-none-eabi/10.3.1/../../../../arm-none-eabi/lib/thumb/v7e-m+fp/hard/crt0.o
 .bss           0x0000000000000000        0x0 c:/st/stm32cubeide_1.12.1/stm32cubeide/plugins/com.st.stm32cube.ide.mcu.externaltools.gnu-tools-for-stm32.10.3-2021.10.win32_1.0.200.202301161003/tools/bin/../lib/gcc/arm-none-eabi/10.3.1/../../../../arm-none-eabi/lib/thumb/v7e-m+fp/hard/crt0.o
 .ARM.extab     0x0000000000000000        0x0 c:/st/stm32cubeide_1.12.1/stm32cubeide/plugins/com.st.stm32cube.ide.mcu.externaltools.gnu-tools-for-stm32.10.3-2021.10.win32_1.0.200.202301161003/tools/bin/../lib/gcc/arm-none-eabi/10.3.1/../../../../arm-none-eabi/lib/thumb/v7e-m+fp/hard/crt0.o
 .ARM.exidx     0x0000000000000000       0x10 c:/st/stm32cubeide_1.12.1/stm32cubeide/plugins/com.st.stm32cube.ide.mcu.externaltools.gnu-tools-for-stm32.10.3-2021.10.win32_1.0.200.202301161003/tools/bin/../lib/gcc/arm-none-eabi/10.3.1/../../../../arm-none-eabi/lib/thumb/v7e-m+fp/hard/crt0.o
 .ARM.attributes
                0x0000000000000000       0x1c c:/st/stm32cubeide_1.12.1/stm32cubeide/plugins/com.st.stm32cube.ide.mcu.externaltools.gnu-tools-for-stm32.10.3-2021.10.win32_1.0.200.202301161003/tools/bin/../lib/gcc/arm-none-eabi/10.3.1/../../../../arm-none-eabi/lib/thumb/v7e-m+fp/hard/crt0.o
 .group         0x0000000000000000        0xc ./MCAL/DMA/DMA_Program.o
 .group         0x0000000000000000        0xc ./MCAL/DMA/DMA_Program.o
 .group         0x0000000000000000        0xc ./MCAL/DMA/DMA_Program.o
 .group         0x0000000000000000        0xc ./MCAL/DMA/DMA_Program.o
 .text          0x0000000000000000        0x0 ./MCAL/DMA/DMA_Program.o
 .data          0x0000000000000000        0x0 ./MCAL/DMA/DMA_Program.o
 .bss           0x0000000000000000        0x0 ./MCAL/DMA/DMA_Program.o
 .group         0x0000000000000000        0xc ./MCAL/EXTI/EXTI_Program.o
 .group         0x0000000000000000        0xc ./MCAL/EXTI/EXTI_Program.o
 .group         0x0000000000000000        0xc ./MCAL/EXTI/EXTI_Program.o
 .group         0x0000000000000000        0xc ./MCAL/EXTI/EXTI_Program.o
 .text          0x0000000000000000        0x0 ./MCAL/EXTI/EXTI_Program.o
 .data          0x0000000000000000        0x0 ./MCAL/EXTI/EXTI_Program.o
 .bss           0x0000000000000000        0x0 ./MCAL/EXTI/EXTI_Program.o
 .text.EXTI0_voidInit
                0x0000000000000000       0x28 ./MCAL/EXTI/EXTI_Program.o
 .text.EXTI_voidEnableInt
                0x0000000000000000       0x30 ./MCAL/EXTI/EXTI_Program.o
 .text.EXTI_voidDisableInt
                0x0000000000000000       0x30 ./MCAL/EXTI/EXTI_Program.o
 .text.EXTI_voidEnableSWI
                0x0000000000000000       0x30 ./MCAL/EXTI/EXTI_Program.o
 .text.EXTI_voidChangeSenseMode
                0x0000000000000000       0xcc ./MCAL/EXTI/EXTI_Program.o
 .text.EXTI0_voidSetCallBack
                0x0000000000000000       0x24 ./MCAL/EXTI/EXTI_Program.o
 .debug_macro   0x0000000000000000      0xa84 ./MCAL/EXTI/EXTI_Program.o
 .debug_macro   0x0000000000000000       0x22 ./MCAL/EXTI/EXTI_Program.o
 .group         0x0000000000000000        0xc ./MCAL/GPIO/GPIO_Program.o
 .group         0x0000000000000000        0xc ./MCAL/GPIO/GPIO_Program.o
 .group         0x0000000000000000        0xc ./MCAL/GPIO/GPIO_Program.o
 .group         0x0000000000000000        0xc ./MCAL/GPIO/GPIO_Program.o
 .text          0x0000000000000000        0x0 ./MCAL/GPIO/GPIO_Program.o
 .data          0x0000000000000000        0x0 ./MCAL/GPIO/GPIO_Program.o
 .bss           0x0000000000000000        0x0 ./MCAL/GPIO/GPIO_Program.o
 .text.GPIO_voidSetPinDirection
                0x0000000000000000      0x18c ./MCAL/GPIO/GPIO_Program.o
 .text.GPIO_voidSetPinValue
                0x0000000000000000       0xe4 ./MCAL/GPIO/GPIO_Program.o
 .text.GPIO_voidGetPinValue
                0x0000000000000000       0xac ./MCAL/GPIO/GPIO_Program.o
 .text.GPIO_voidTogPinValue
                0x0000000000000000       0xb0 ./MCAL/GPIO/GPIO_Program.o
 .debug_info    0x0000000000000000      0x23e ./MCAL/GPIO/GPIO_Program.o
 .debug_abbrev  0x0000000000000000      0x103 ./MCAL/GPIO/GPIO_Program.o
 .debug_aranges
                0x0000000000000000       0x38 ./MCAL/GPIO/GPIO_Program.o
 .debug_ranges  0x0000000000000000       0x28 ./MCAL/GPIO/GPIO_Program.o
 .debug_macro   0x0000000000000000       0x40 ./MCAL/GPIO/GPIO_Program.o
 .debug_macro   0x0000000000000000      0xa84 ./MCAL/GPIO/GPIO_Program.o
 .debug_macro   0x0000000000000000       0x22 ./MCAL/GPIO/GPIO_Program.o
 .debug_macro   0x0000000000000000       0x3a ./MCAL/GPIO/GPIO_Program.o
 .debug_macro   0x0000000000000000       0xc4 ./MCAL/GPIO/GPIO_Program.o
 .debug_line    0x0000000000000000      0x2ac ./MCAL/GPIO/GPIO_Program.o
 .debug_str     0x0000000000000000     0x3188 ./MCAL/GPIO/GPIO_Program.o
 .comment       0x0000000000000000       0x51 ./MCAL/GPIO/GPIO_Program.o
 .debug_frame   0x0000000000000000       0xb4 ./MCAL/GPIO/GPIO_Program.o
 .ARM.attributes
                0x0000000000000000       0x34 ./MCAL/GPIO/GPIO_Program.o
 .group         0x0000000000000000        0xc ./MCAL/NVIC/NVIC_Program.o
 .group         0x0000000000000000        0xc ./MCAL/NVIC/NVIC_Program.o
 .group         0x0000000000000000        0xc ./MCAL/NVIC/NVIC_Program.o
 .group         0x0000000000000000        0xc ./MCAL/NVIC/NVIC_Program.o
 .text          0x0000000000000000        0x0 ./MCAL/NVIC/NVIC_Program.o
 .data          0x0000000000000000        0x0 ./MCAL/NVIC/NVIC_Program.o
 .bss           0x0000000000000000        0x0 ./MCAL/NVIC/NVIC_Program.o
 .text.NVIC_voidDisablePerInt
                0x0000000000000000       0x48 ./MCAL/NVIC/NVIC_Program.o
 .text.NVIC_voidSetPendingFlag
                0x0000000000000000       0x48 ./MCAL/NVIC/NVIC_Program.o
 .text.NVIC_voidClrPendingFlag
                0x0000000000000000       0x48 ./MCAL/NVIC/NVIC_Program.o
 .text.NVIC_u8ReadActiveFlag
                0x0000000000000000       0x5c ./MCAL/NVIC/NVIC_Program.o
 .text.NVIC_voidSetSwIntPriority
                0x0000000000000000       0x3a ./MCAL/NVIC/NVIC_Program.o
 .debug_macro   0x0000000000000000      0xa84 ./MCAL/NVIC/NVIC_Program.o
 .debug_macro   0x0000000000000000       0x22 ./MCAL/NVIC/NVIC_Program.o
 .group         0x0000000000000000        0xc ./MCAL/RCC/RCC_Program.o
 .group         0x0000000000000000        0xc ./MCAL/RCC/RCC_Program.o
 .group         0x0000000000000000        0xc ./MCAL/RCC/RCC_Program.o
 .group         0x0000000000000000        0xc ./MCAL/RCC/RCC_Program.o
 .group         0x0000000000000000        0xc ./MCAL/RCC/RCC_Program.o
 .text          0x0000000000000000        0x0 ./MCAL/RCC/RCC_Program.o
 .data          0x0000000000000000        0x0 ./MCAL/RCC/RCC_Program.o
 .bss           0x0000000000000000        0x0 ./MCAL/RCC/RCC_Program.o
 .text.RCC_voidDisablePerClk
                0x0000000000000000       0x88 ./MCAL/RCC/RCC_Program.o
 .debug_macro   0x0000000000000000      0xa84 ./MCAL/RCC/RCC_Program.o
 .debug_macro   0x0000000000000000       0x22 ./MCAL/RCC/RCC_Program.o
 .group         0x0000000000000000        0xc ./MCAL/STK/STK_Program.o
 .group         0x0000000000000000        0xc ./MCAL/STK/STK_Program.o
 .group         0x0000000000000000        0xc ./MCAL/STK/STK_Program.o
 .text          0x0000000000000000        0x0 ./MCAL/STK/STK_Program.o
 .data          0x0000000000000000        0x0 ./MCAL/STK/STK_Program.o
 .bss           0x0000000000000000        0x0 ./MCAL/STK/STK_Program.o
 .text.STK_voidInit
                0x0000000000000000       0x18 ./MCAL/STK/STK_Program.o
 .text.STK_voidBusyWait
                0x0000000000000000       0x60 ./MCAL/STK/STK_Program.o
 .text.STK_voidSingleInterval
                0x0000000000000000       0x58 ./MCAL/STK/STK_Program.o
 .text.STK_voidPeriodicInterval
                0x0000000000000000       0x58 ./MCAL/STK/STK_Program.o
 .text.STK_voidStopInterval
                0x0000000000000000       0x2c ./MCAL/STK/STK_Program.o
 .debug_macro   0x0000000000000000      0xa84 ./MCAL/STK/STK_Program.o
 .debug_macro   0x0000000000000000       0x22 ./MCAL/STK/STK_Program.o
 .group         0x0000000000000000        0xc ./Src/main.o
 .group         0x0000000000000000        0xc ./Src/main.o
 .group         0x0000000000000000        0xc ./Src/main.o
 .group         0x0000000000000000        0xc ./Src/main.o
 .group         0x0000000000000000        0xc ./Src/main.o
 .text          0x0000000000000000        0x0 ./Src/main.o
 .data          0x0000000000000000        0x0 ./Src/main.o
 .bss           0x0000000000000000        0x0 ./Src/main.o
 .text._delay_ms
                0x0000000000000000       0x34 ./Src/main.o
 .text.TOG      0x0000000000000000       0x10 ./Src/main.o
 .text.DMA1_Channely_IRQHandler
                0x0000000000000000        0x6 ./Src/main.o
 .debug_macro   0x0000000000000000      0xa84 ./Src/main.o
 .debug_macro   0x0000000000000000       0x22 ./Src/main.o
 .debug_macro   0x0000000000000000       0x1c ./Src/main.o
 .debug_macro   0x0000000000000000       0xc4 ./Src/main.o
 .debug_macro   0x0000000000000000       0x6a ./Src/main.o
 .text          0x0000000000000000       0x14 ./Startup/startup_stm32f401retx.o
 .data          0x0000000000000000        0x0 ./Startup/startup_stm32f401retx.o
 .bss           0x0000000000000000        0x0 ./Startup/startup_stm32f401retx.o
 .text          0x0000000000000000        0x0 c:/st/stm32cubeide_1.12.1/stm32cubeide/plugins/com.st.stm32cube.ide.mcu.externaltools.gnu-tools-for-stm32.10.3-2021.10.win32_1.0.200.202301161003/tools/bin/../lib/gcc/arm-none-eabi/10.3.1/../../../../arm-none-eabi/lib/thumb/v7e-m+fp/hard\libc_nano.a(lib_a-exit.o)
 .data          0x0000000000000000        0x0 c:/st/stm32cubeide_1.12.1/stm32cubeide/plugins/com.st.stm32cube.ide.mcu.externaltools.gnu-tools-for-stm32.10.3-2021.10.win32_1.0.200.202301161003/tools/bin/../lib/gcc/arm-none-eabi/10.3.1/../../../../arm-none-eabi/lib/thumb/v7e-m+fp/hard\libc_nano.a(lib_a-exit.o)
 .bss           0x0000000000000000        0x0 c:/st/stm32cubeide_1.12.1/stm32cubeide/plugins/com.st.stm32cube.ide.mcu.externaltools.gnu-tools-for-stm32.10.3-2021.10.win32_1.0.200.202301161003/tools/bin/../lib/gcc/arm-none-eabi/10.3.1/../../../../arm-none-eabi/lib/thumb/v7e-m+fp/hard\libc_nano.a(lib_a-exit.o)
 .text.exit     0x0000000000000000       0x28 c:/st/stm32cubeide_1.12.1/stm32cubeide/plugins/com.st.stm32cube.ide.mcu.externaltools.gnu-tools-for-stm32.10.3-2021.10.win32_1.0.200.202301161003/tools/bin/../lib/gcc/arm-none-eabi/10.3.1/../../../../arm-none-eabi/lib/thumb/v7e-m+fp/hard\libc_nano.a(lib_a-exit.o)
 .debug_frame   0x0000000000000000       0x28 c:/st/stm32cubeide_1.12.1/stm32cubeide/plugins/com.st.stm32cube.ide.mcu.externaltools.gnu-tools-for-stm32.10.3-2021.10.win32_1.0.200.202301161003/tools/bin/../lib/gcc/arm-none-eabi/10.3.1/../../../../arm-none-eabi/lib/thumb/v7e-m+fp/hard\libc_nano.a(lib_a-exit.o)
 .ARM.attributes
                0x0000000000000000       0x34 c:/st/stm32cubeide_1.12.1/stm32cubeide/plugins/com.st.stm32cube.ide.mcu.externaltools.gnu-tools-for-stm32.10.3-2021.10.win32_1.0.200.202301161003/tools/bin/../lib/gcc/arm-none-eabi/10.3.1/../../../../arm-none-eabi/lib/thumb/v7e-m+fp/hard\libc_nano.a(lib_a-exit.o)
 .text          0x0000000000000000        0x0 c:/st/stm32cubeide_1.12.1/stm32cubeide/plugins/com.st.stm32cube.ide.mcu.externaltools.gnu-tools-for-stm32.10.3-2021.10.win32_1.0.200.202301161003/tools/bin/../lib/gcc/arm-none-eabi/10.3.1/../../../../arm-none-eabi/lib/thumb/v7e-m+fp/hard\libc_nano.a(lib_a-impure.o)
 .data          0x0000000000000000        0x0 c:/st/stm32cubeide_1.12.1/stm32cubeide/plugins/com.st.stm32cube.ide.mcu.externaltools.gnu-tools-for-stm32.10.3-2021.10.win32_1.0.200.202301161003/tools/bin/../lib/gcc/arm-none-eabi/10.3.1/../../../../arm-none-eabi/lib/thumb/v7e-m+fp/hard\libc_nano.a(lib_a-impure.o)
 .bss           0x0000000000000000        0x0 c:/st/stm32cubeide_1.12.1/stm32cubeide/plugins/com.st.stm32cube.ide.mcu.externaltools.gnu-tools-for-stm32.10.3-2021.10.win32_1.0.200.202301161003/tools/bin/../lib/gcc/arm-none-eabi/10.3.1/../../../../arm-none-eabi/lib/thumb/v7e-m+fp/hard\libc_nano.a(lib_a-impure.o)
 .data._impure_ptr
                0x0000000000000000        0x4 c:/st/stm32cubeide_1.12.1/stm32cubeide/plugins/com.st.stm32cube.ide.mcu.externaltools.gnu-tools-for-stm32.10.3-2021.10.win32_1.0.200.202301161003/tools/bin/../lib/gcc/arm-none-eabi/10.3.1/../../../../arm-none-eabi/lib/thumb/v7e-m+fp/hard\libc_nano.a(lib_a-impure.o)
 .data.impure_data
                0x0000000000000000       0x60 c:/st/stm32cubeide_1.12.1/stm32cubeide/plugins/com.st.stm32cube.ide.mcu.externaltools.gnu-tools-for-stm32.10.3-2021.10.win32_1.0.200.202301161003/tools/bin/../lib/gcc/arm-none-eabi/10.3.1/../../../../arm-none-eabi/lib/thumb/v7e-m+fp/hard\libc_nano.a(lib_a-impure.o)
 .rodata._global_impure_ptr
                0x0000000000000000        0x4 c:/st/stm32cubeide_1.12.1/stm32cubeide/plugins/com.st.stm32cube.ide.mcu.externaltools.gnu-tools-for-stm32.10.3-2021.10.win32_1.0.200.202301161003/tools/bin/../lib/gcc/arm-none-eabi/10.3.1/../../../../arm-none-eabi/lib/thumb/v7e-m+fp/hard\libc_nano.a(lib_a-impure.o)
 .ARM.attributes
                0x0000000000000000       0x34 c:/st/stm32cubeide_1.12.1/stm32cubeide/plugins/com.st.stm32cube.ide.mcu.externaltools.gnu-tools-for-stm32.10.3-2021.10.win32_1.0.200.202301161003/tools/bin/../lib/gcc/arm-none-eabi/10.3.1/../../../../arm-none-eabi/lib/thumb/v7e-m+fp/hard\libc_nano.a(lib_a-impure.o)
 .text          0x0000000000000000        0x0 c:/st/stm32cubeide_1.12.1/stm32cubeide/plugins/com.st.stm32cube.ide.mcu.externaltools.gnu-tools-for-stm32.10.3-2021.10.win32_1.0.200.202301161003/tools/bin/../lib/gcc/arm-none-eabi/10.3.1/../../../../arm-none-eabi/lib/thumb/v7e-m+fp/hard\libc_nano.a(lib_a-init.o)
 .data          0x0000000000000000        0x0 c:/st/stm32cubeide_1.12.1/stm32cubeide/plugins/com.st.stm32cube.ide.mcu.externaltools.gnu-tools-for-stm32.10.3-2021.10.win32_1.0.200.202301161003/tools/bin/../lib/gcc/arm-none-eabi/10.3.1/../../../../arm-none-eabi/lib/thumb/v7e-m+fp/hard\libc_nano.a(lib_a-init.o)
 .bss           0x0000000000000000        0x0 c:/st/stm32cubeide_1.12.1/stm32cubeide/plugins/com.st.stm32cube.ide.mcu.externaltools.gnu-tools-for-stm32.10.3-2021.10.win32_1.0.200.202301161003/tools/bin/../lib/gcc/arm-none-eabi/10.3.1/../../../../arm-none-eabi/lib/thumb/v7e-m+fp/hard\libc_nano.a(lib_a-init.o)
 .text          0x0000000000000000        0x0 c:/st/stm32cubeide_1.12.1/stm32cubeide/plugins/com.st.stm32cube.ide.mcu.externaltools.gnu-tools-for-stm32.10.3-2021.10.win32_1.0.200.202301161003/tools/bin/../lib/gcc/arm-none-eabi/10.3.1/../../../../arm-none-eabi/lib/thumb/v7e-m+fp/hard\libc_nano.a(lib_a-memset.o)
 .data          0x0000000000000000        0x0 c:/st/stm32cubeide_1.12.1/stm32cubeide/plugins/com.st.stm32cube.ide.mcu.externaltools.gnu-tools-for-stm32.10.3-2021.10.win32_1.0.200.202301161003/tools/bin/../lib/gcc/arm-none-eabi/10.3.1/../../../../arm-none-eabi/lib/thumb/v7e-m+fp/hard\libc_nano.a(lib_a-memset.o)
 .bss           0x0000000000000000        0x0 c:/st/stm32cubeide_1.12.1/stm32cubeide/plugins/com.st.stm32cube.ide.mcu.externaltools.gnu-tools-for-stm32.10.3-2021.10.win32_1.0.200.202301161003/tools/bin/../lib/gcc/arm-none-eabi/10.3.1/../../../../arm-none-eabi/lib/thumb/v7e-m+fp/hard\libc_nano.a(lib_a-memset.o)
 .text.memset   0x0000000000000000       0x10 c:/st/stm32cubeide_1.12.1/stm32cubeide/plugins/com.st.stm32cube.ide.mcu.externaltools.gnu-tools-for-stm32.10.3-2021.10.win32_1.0.200.202301161003/tools/bin/../lib/gcc/arm-none-eabi/10.3.1/../../../../arm-none-eabi/lib/thumb/v7e-m+fp/hard\libc_nano.a(lib_a-memset.o)
 .debug_frame   0x0000000000000000       0x20 c:/st/stm32cubeide_1.12.1/stm32cubeide/plugins/com.st.stm32cube.ide.mcu.externaltools.gnu-tools-for-stm32.10.3-2021.10.win32_1.0.200.202301161003/tools/bin/../lib/gcc/arm-none-eabi/10.3.1/../../../../arm-none-eabi/lib/thumb/v7e-m+fp/hard\libc_nano.a(lib_a-memset.o)
 .ARM.attributes
                0x0000000000000000       0x34 c:/st/stm32cubeide_1.12.1/stm32cubeide/plugins/com.st.stm32cube.ide.mcu.externaltools.gnu-tools-for-stm32.10.3-2021.10.win32_1.0.200.202301161003/tools/bin/../lib/gcc/arm-none-eabi/10.3.1/../../../../arm-none-eabi/lib/thumb/v7e-m+fp/hard\libc_nano.a(lib_a-memset.o)
 .text          0x0000000000000000        0x0 c:/st/stm32cubeide_1.12.1/stm32cubeide/plugins/com.st.stm32cube.ide.mcu.externaltools.gnu-tools-for-stm32.10.3-2021.10.win32_1.0.200.202301161003/tools/bin/../lib/gcc/arm-none-eabi/10.3.1/../../../../arm-none-eabi/lib/thumb/v7e-m+fp/hard\libnosys.a(_exit.o)
 .data          0x0000000000000000        0x0 c:/st/stm32cubeide_1.12.1/stm32cubeide/plugins/com.st.stm32cube.ide.mcu.externaltools.gnu-tools-for-stm32.10.3-2021.10.win32_1.0.200.202301161003/tools/bin/../lib/gcc/arm-none-eabi/10.3.1/../../../../arm-none-eabi/lib/thumb/v7e-m+fp/hard\libnosys.a(_exit.o)
 .bss           0x0000000000000000        0x0 c:/st/stm32cubeide_1.12.1/stm32cubeide/plugins/com.st.stm32cube.ide.mcu.externaltools.gnu-tools-for-stm32.10.3-2021.10.win32_1.0.200.202301161003/tools/bin/../lib/gcc/arm-none-eabi/10.3.1/../../../../arm-none-eabi/lib/thumb/v7e-m+fp/hard\libnosys.a(_exit.o)
 .text._exit    0x0000000000000000        0x2 c:/st/stm32cubeide_1.12.1/stm32cubeide/plugins/com.st.stm32cube.ide.mcu.externaltools.gnu-tools-for-stm32.10.3-2021.10.win32_1.0.200.202301161003/tools/bin/../lib/gcc/arm-none-eabi/10.3.1/../../../../arm-none-eabi/lib/thumb/v7e-m+fp/hard\libnosys.a(_exit.o)
 .debug_frame   0x0000000000000000       0x20 c:/st/stm32cubeide_1.12.1/stm32cubeide/plugins/com.st.stm32cube.ide.mcu.externaltools.gnu-tools-for-stm32.10.3-2021.10.win32_1.0.200.202301161003/tools/bin/../lib/gcc/arm-none-eabi/10.3.1/../../../../arm-none-eabi/lib/thumb/v7e-m+fp/hard\libnosys.a(_exit.o)
 .ARM.attributes
                0x0000000000000000       0x34 c:/st/stm32cubeide_1.12.1/stm32cubeide/plugins/com.st.stm32cube.ide.mcu.externaltools.gnu-tools-for-stm32.10.3-2021.10.win32_1.0.200.202301161003/tools/bin/../lib/gcc/arm-none-eabi/10.3.1/../../../../arm-none-eabi/lib/thumb/v7e-m+fp/hard\libnosys.a(_exit.o)
 .text          0x0000000000000000        0x0 c:/st/stm32cubeide_1.12.1/stm32cubeide/plugins/com.st.stm32cube.ide.mcu.externaltools.gnu-tools-for-stm32.10.3-2021.10.win32_1.0.200.202301161003/tools/bin/../lib/gcc/arm-none-eabi/10.3.1/thumb/v7e-m+fp/hard/crtend.o
 .data          0x0000000000000000        0x0 c:/st/stm32cubeide_1.12.1/stm32cubeide/plugins/com.st.stm32cube.ide.mcu.externaltools.gnu-tools-for-stm32.10.3-2021.10.win32_1.0.200.202301161003/tools/bin/../lib/gcc/arm-none-eabi/10.3.1/thumb/v7e-m+fp/hard/crtend.o
 .bss           0x0000000000000000        0x0 c:/st/stm32cubeide_1.12.1/stm32cubeide/plugins/com.st.stm32cube.ide.mcu.externaltools.gnu-tools-for-stm32.10.3-2021.10.win32_1.0.200.202301161003/tools/bin/../lib/gcc/arm-none-eabi/10.3.1/thumb/v7e-m+fp/hard/crtend.o
 .rodata        0x0000000000000000       0x24 c:/st/stm32cubeide_1.12.1/stm32cubeide/plugins/com.st.stm32cube.ide.mcu.externaltools.gnu-tools-for-stm32.10.3-2021.10.win32_1.0.200.202301161003/tools/bin/../lib/gcc/arm-none-eabi/10.3.1/thumb/v7e-m+fp/hard/crtend.o
 .eh_frame      0x0000000000000000        0x4 c:/st/stm32cubeide_1.12.1/stm32cubeide/plugins/com.st.stm32cube.ide.mcu.externaltools.gnu-tools-for-stm32.10.3-2021.10.win32_1.0.200.202301161003/tools/bin/../lib/gcc/arm-none-eabi/10.3.1/thumb/v7e-m+fp/hard/crtend.o
 .ARM.attributes
                0x0000000000000000       0x34 c:/st/stm32cubeide_1.12.1/stm32cubeide/plugins/com.st.stm32cube.ide.mcu.externaltools.gnu-tools-for-stm32.10.3-2021.10.win32_1.0.200.202301161003/tools/bin/../lib/gcc/arm-none-eabi/10.3.1/thumb/v7e-m+fp/hard/crtend.o
 .text          0x0000000000000000        0x0 c:/st/stm32cubeide_1.12.1/stm32cubeide/plugins/com.st.stm32cube.ide.mcu.externaltools.gnu-tools-for-stm32.10.3-2021.10.win32_1.0.200.202301161003/tools/bin/../lib/gcc/arm-none-eabi/10.3.1/thumb/v7e-m+fp/hard/crtn.o
 .data          0x0000000000000000        0x0 c:/st/stm32cubeide_1.12.1/stm32cubeide/plugins/com.st.stm32cube.ide.mcu.externaltools.gnu-tools-for-stm32.10.3-2021.10.win32_1.0.200.202301161003/tools/bin/../lib/gcc/arm-none-eabi/10.3.1/thumb/v7e-m+fp/hard/crtn.o
 .bss           0x0000000000000000        0x0 c:/st/stm32cubeide_1.12.1/stm32cubeide/plugins/com.st.stm32cube.ide.mcu.externaltools.gnu-tools-for-stm32.10.3-2021.10.win32_1.0.200.202301161003/tools/bin/../lib/gcc/arm-none-eabi/10.3.1/thumb/v7e-m+fp/hard/crtn.o

Memory Configuration

Name             Origin             Length             Attributes
RAM              0x0000000020000000 0x0000000000018000 xrw
FLASH            0x0000000008000000 0x0000000000080000 xr
*default*        0x0000000000000000 0xffffffffffffffff

Linker script and memory map

LOAD c:/st/stm32cubeide_1.12.1/stm32cubeide/plugins/com.st.stm32cube.ide.mcu.externaltools.gnu-tools-for-stm32.10.3-2021.10.win32_1.0.200.202301161003/tools/bin/../lib/gcc/arm-none-eabi/10.3.1/thumb/v7e-m+fp/hard/crti.o
LOAD c:/st/stm32cubeide_1.12.1/stm32cubeide/plugins/com.st.stm32cube.ide.mcu.externaltools.gnu-tools-for-stm32.10.3-2021.10.win32_1.0.200.202301161003/tools/bin/../lib/gcc/arm-none-eabi/10.3.1/thumb/v7e-m+fp/hard/crtbegin.o
LOAD c:/st/stm32cubeide_1.12.1/stm32cubeide/plugins/com.st.stm32cube.ide.mcu.externaltools.gnu-tools-for-stm32.10.3-2021.10.win32_1.0.200.202301161003/tools/bin/../lib/gcc/arm-none-eabi/10.3.1/../../../../arm-none-eabi/lib/thumb/v7e-m+fp/hard/crt0.o
LOAD ./MCAL/DMA/DMA_Program.o
LOAD ./MCAL/EXTI/EXTI_Program.o
LOAD ./MCAL/GPIO/GPIO_Program.o
LOAD ./MCAL/NVIC/NVIC_Program.o
LOAD ./MCAL/RCC/RCC_Program.o
LOAD ./MCAL/STK/STK_Program.o
LOAD ./Src/main.o
LOAD ./Startup/startup_stm32f401retx.o
START GROUP
LOAD c:/st/stm32cubeide_1.12.1/stm32cubeide/plugins/com.st.stm32cube.ide.mcu.externaltools.gnu-tools-for-stm32.10.3-2021.10.win32_1.0.200.202301161003/tools/bin/../lib/gcc/arm-none-eabi/10.3.1/../../../../arm-none-eabi/lib/thumb/v7e-m+fp/hard\libc_nano.a
LOAD c:/st/stm32cubeide_1.12.1/stm32cubeide/plugins/com.st.stm32cube.ide.mcu.externaltools.gnu-tools-for-stm32.10.3-2021.10.win32_1.0.200.202301161003/tools/bin/../lib/gcc/arm-none-eabi/10.3.1/../../../../arm-none-eabi/lib/thumb/v7e-m+fp/hard\libm.a
END GROUP
START GROUP
LOAD c:/st/stm32cubeide_1.12.1/stm32cubeide/plugins/com.st.stm32cube.ide.mcu.externaltools.gnu-tools-for-stm32.10.3-2021.10.win32_1.0.200.202301161003/tools/bin/../lib/gcc/arm-none-eabi/10.3.1/thumb/v7e-m+fp/hard\libgcc.a
LOAD c:/st/stm32cubeide_1.12.1/stm32cubeide/plugins/com.st.stm32cube.ide.mcu.externaltools.gnu-tools-for-stm32.10.3-2021.10.win32_1.0.200.202301161003/tools/bin/../lib/gcc/arm-none-eabi/10.3.1/../../../../arm-none-eabi/lib/thumb/v7e-m+fp/hard\libc_nano.a
END GROUP
START GROUP
LOAD c:/st/stm32cubeide_1.12.1/stm32cubeide/plugins/com.st.stm32cube.ide.mcu.externaltools.gnu-tools-for-stm32.10.3-2021.10.win32_1.0.200.202301161003/tools/bin/../lib/gcc/arm-none-eabi/10.3.1/thumb/v7e-m+fp/hard\libgcc.a
LOAD c:/st/stm32cubeide_1.12.1/stm32cubeide/plugins/com.st.stm32cube.ide.mcu.externaltools.gnu-tools-for-stm32.10.3-2021.10.win32_1.0.200.202301161003/tools/bin/../lib/gcc/arm-none-eabi/10.3.1/../../../../arm-none-eabi/lib/thumb/v7e-m+fp/hard\libc_nano.a
LOAD c:/st/stm32cubeide_1.12.1/stm32cubeide/plugins/com.st.stm32cube.ide.mcu.externaltools.gnu-tools-for-stm32.10.3-2021.10.win32_1.0.200.202301161003/tools/bin/../lib/gcc/arm-none-eabi/10.3.1/../../../../arm-none-eabi/lib/thumb/v7e-m+fp/hard\libnosys.a
END GROUP
START GROUP
LOAD c:/st/stm32cubeide_1.12.1/stm32cubeide/plugins/com.st.stm32cube.ide.mcu.externaltools.gnu-tools-for-stm32.10.3-2021.10.win32_1.0.200.202301161003/tools/bin/../lib/gcc/arm-none-eabi/10.3.1/thumb/v7e-m+fp/hard\libgcc.a
LOAD c:/st/stm32cubeide_1.12.1/stm32cubeide/plugins/com.st.stm32cube.ide.mcu.externaltools.gnu-tools-for-stm32.10.3-2021.10.win32_1.0.200.202301161003/tools/bin/../lib/gcc/arm-none-eabi/10.3.1/../../../../arm-none-eabi/lib/thumb/v7e-m+fp/hard\libc_nano.a
LOAD c:/st/stm32cubeide_1.12.1/stm32cubeide/plugins/com.st.stm32cube.ide.mcu.externaltools.gnu-tools-for-stm32.10.3-2021.10.win32_1.0.200.202301161003/tools/bin/../lib/gcc/arm-none-eabi/10.3.1/../../../../arm-none-eabi/lib/thumb/v7e-m+fp/hard\libnosys.a
END GROUP
LOAD c:/st/stm32cubeide_1.12.1/stm32cubeide/plugins/com.st.stm32cube.ide.mcu.externaltools.gnu-tools-for-stm32.10.3-2021.10.win32_1.0.200.202301161003/tools/bin/../lib/gcc/arm-none-eabi/10.3.1/thumb/v7e-m+fp/hard/crtend.o
LOAD c:/st/stm32cubeide_1.12.1/stm32cubeide/plugins/com.st.stm32cube.ide.mcu.externaltools.gnu-tools-for-stm32.10.3-2021.10.win32_1.0.200.202301161003/tools/bin/../lib/gcc/arm-none-eabi/10.3.1/thumb/v7e-m+fp/hard/crtn.o
                0x0000000020018000                _estack = (ORIGIN (RAM) + LENGTH (RAM))
                0x0000000000000200                _Min_Heap_Size = 0x200
                0x0000000000000400                _Min_Stack_Size = 0x400

.isr_vector     0x0000000008000000      0x194
                0x0000000008000000                . = ALIGN (0x4)
 *(.isr_vector)
 .isr_vector    0x0000000008000000      0x194 ./Startup/startup_stm32f401retx.o
                0x0000000008000000                g_pfnVectors
                0x0000000008000194                . = ALIGN (0x4)

.text           0x0000000008000194      0x5a0
                0x0000000008000194                . = ALIGN (0x4)
 *(.text)
 .text          0x0000000008000194       0x40 c:/st/stm32cubeide_1.12.1/stm32cubeide/plugins/com.st.stm32cube.ide.mcu.externaltools.gnu-tools-for-stm32.10.3-2021.10.win32_1.0.200.202301161003/tools/bin/../lib/gcc/arm-none-eabi/10.3.1/thumb/v7e-m+fp/hard/crtbegin.o
 *(.text*)
 .text.DMA1_voidChannelInit
                0x00000000080001d4      0x178 ./MCAL/DMA/DMA_Program.o
                0x00000000080001d4                DMA1_voidChannelInit
 .text.DMA1_voidStartChannel
                0x000000000800034c       0xc4 ./MCAL/DMA/DMA_Program.o
                0x000000000800034c                DMA1_voidStartChannel
 .text.EXTI0_IRQHandler
                0x0000000008000410       0x24 ./MCAL/EXTI/EXTI_Program.o
                0x0000000008000410                EXTI0_IRQHandler
 .text.NVIC_voidInit
                0x0000000008000434       0x1c ./MCAL/NVIC/NVIC_Program.o
                0x0000000008000434                NVIC_voidInit
 .text.NVIC_voidEnablePerInt
                0x0000000008000450       0x48 ./MCAL/NVIC/NVIC_Program.o
                0x0000000008000450                NVIC_voidEnablePerInt
 .text.RCC_voidSysClkInit
                0x0000000008000498       0x5c ./MCAL/RCC/RCC_Program.o
                0x0000000008000498                RCC_voidSysClkInit
 .text.RCC_voidEnablePerClk
                0x00000000080004f4       0x84 ./MCAL/RCC/RCC_Program.o
                0x00000000080004f4                RCC_voidEnablePerClk
 .text.SysTick_Handler
                0x0000000008000578       0x60 ./MCAL/STK/STK_Program.o
                0x0000000008000578                SysTick_Handler
 .text.main     0x00000000080005d8       0xa8 ./Src/main.o
                0x00000000080005d8                main
 .text.Reset_Handler
                0x0000000008000680       0x50 ./Startup/startup_stm32f401retx.o
                0x0000000008000680                Reset_Handler
 .text.Default_Handler
                0x00000000080006d0        0x2 ./Startup/startup_stm32f401retx.o
                0x00000000080006d0                EXTI2_IRQHandler
                0x00000000080006d0                DebugMon_Handler
                0x00000000080006d0                SPI4_IRQHandler
                0x00000000080006d0                TIM1_CC_IRQHandler
                0x00000000080006d0                DMA2_Stream5_IRQHandler
                0x00000000080006d0                HardFault_Handler
                0x00000000080006d0                DMA1_Stream5_IRQHandler
                0x00000000080006d0                SDIO_IRQHandler
                0x00000000080006d0                TAMP_STAMP_IRQHandler
                0x00000000080006d0                PendSV_Handler
                0x00000000080006d0                NMI_Handler
                0x00000000080006d0                EXTI3_IRQHandler
                0x00000000080006d0                TIM1_UP_TIM10_IRQHandler
                0x00000000080006d0                I2C3_ER_IRQHandler
                0x00000000080006d0                EXTI18_OTG_FS_WKUP_IRQHandler
                0x00000000080006d0                I2C2_EV_IRQHandler
                0x00000000080006d0                DMA1_Stream2_IRQHandler
                0x00000000080006d0                UsageFault_Handler
                0x00000000080006d0                DMA2_Stream2_IRQHandler
                0x00000000080006d0                SPI1_IRQHandler
                0x00000000080006d0                TIM1_BRK_TIM9_IRQHandler
                0x00000000080006d0                DMA2_Stream3_IRQHandler
                0x00000000080006d0                USART6_IRQHandler
                0x00000000080006d0                DMA2_Stream0_IRQHandler
                0x00000000080006d0                TIM4_IRQHandler
                0x00000000080006d0                I2C1_EV_IRQHandler
                0x00000000080006d0                DMA1_Stream6_IRQHandler
                0x00000000080006d0                DMA1_Stream1_IRQHandler
                0x00000000080006d0                TIM3_IRQHandler
                0x00000000080006d0                RCC_IRQHandler
                0x00000000080006d0                Default_Handler
                0x00000000080006d0                EXTI15_10_IRQHandler
                0x00000000080006d0                ADC_IRQHandler
                0x00000000080006d0                DMA1_Stream7_IRQHandler
                0x00000000080006d0                TIM5_IRQHandler
                0x00000000080006d0                DMA2_Stream7_IRQHandler
                0x00000000080006d0                I2C3_EV_IRQHandler
                0x00000000080006d0                EXTI9_5_IRQHandler
                0x00000000080006d0                SPI2_IRQHandler
                0x00000000080006d0                MemManage_Handler
                0x00000000080006d0                DMA1_Stream0_IRQHandler
                0x00000000080006d0                SVC_Handler
                0x00000000080006d0                EXTI4_IRQHandler
                0x00000000080006d0                EXTI22_RTC_WKUP_IRQHandler
                0x00000000080006d0                TIM2_IRQHandler
                0x00000000080006d0                EXTI16_PVD_IRQHandler
                0x00000000080006d0                TIM1_TRG_COM_TIM11_IRQHandler
                0x00000000080006d0                EXTI1_IRQHandler
                0x00000000080006d0                EXTI17_RTC_Alarm_IRQHandler
                0x00000000080006d0                USART2_IRQHandler
                0x00000000080006d0                I2C2_ER_IRQHandler
                0x00000000080006d0                DMA2_Stream1_IRQHandler
                0x00000000080006d0                FLASH_IRQHandler
                0x00000000080006d0                DMA2_Stream4_IRQHandler
                0x00000000080006d0                BusFault_Handler
                0x00000000080006d0                USART1_IRQHandler
                0x00000000080006d0                OTG_FS_IRQHandler
                0x00000000080006d0                SPI3_IRQHandler
                0x00000000080006d0                DMA1_Stream4_IRQHandler
                0x00000000080006d0                I2C1_ER_IRQHandler
                0x00000000080006d0                DMA2_Stream6_IRQHandler
                0x00000000080006d0                DMA1_Stream3_IRQHandler
 *fill*         0x00000000080006d2        0x2 
 .text.__libc_init_array
                0x00000000080006d4       0x48 c:/st/stm32cubeide_1.12.1/stm32cubeide/plugins/com.st.stm32cube.ide.mcu.externaltools.gnu-tools-for-stm32.10.3-2021.10.win32_1.0.200.202301161003/tools/bin/../lib/gcc/arm-none-eabi/10.3.1/../../../../arm-none-eabi/lib/thumb/v7e-m+fp/hard\libc_nano.a(lib_a-init.o)
                0x00000000080006d4                __libc_init_array
 *(.glue_7)
 .glue_7        0x000000000800071c        0x0 linker stubs
 *(.glue_7t)
 .glue_7t       0x000000000800071c        0x0 linker stubs
 *(.eh_frame)
 .eh_frame      0x000000000800071c        0x0 c:/st/stm32cubeide_1.12.1/stm32cubeide/plugins/com.st.stm32cube.ide.mcu.externaltools.gnu-tools-for-stm32.10.3-2021.10.win32_1.0.200.202301161003/tools/bin/../lib/gcc/arm-none-eabi/10.3.1/thumb/v7e-m+fp/hard/crtbegin.o
 *(.init)
 .init          0x000000000800071c        0x4 c:/st/stm32cubeide_1.12.1/stm32cubeide/plugins/com.st.stm32cube.ide.mcu.externaltools.gnu-tools-for-stm32.10.3-2021.10.win32_1.0.200.202301161003/tools/bin/../lib/gcc/arm-none-eabi/10.3.1/thumb/v7e-m+fp/hard/crti.o
                0x000000000800071c                _init
 .init          0x0000000008000720        0x8 c:/st/stm32cubeide_1.12.1/stm32cubeide/plugins/com.st.stm32cube.ide.mcu.externaltools.gnu-tools-for-stm32.10.3-2021.10.win32_1.0.200.202301161003/tools/bin/../lib/gcc/arm-none-eabi/10.3.1/thumb/v7e-m+fp/hard/crtn.o
 *(.fini)
 .fini          0x0000000008000728        0x4 c:/st/stm32cubeide_1.12.1/stm32cubeide/plugins/com.st.stm32cube.ide.mcu.externaltools.gnu-tools-for-stm32.10.3-2021.10.win32_1.0.200.202301161003/tools/bin/../lib/gcc/arm-none-eabi/10.3.1/thumb/v7e-m+fp/hard/crti.o
                0x0000000008000728                _fini
 .fini          0x000000000800072c        0x8 c:/st/stm32cubeide_1.12.1/stm32cubeide/plugins/com.st.stm32cube.ide.mcu.externaltools.gnu-tools-for-stm32.10.3-2021.10.win32_1.0.200.202301161003/tools/bin/../lib/gcc/arm-none-eabi/10.3.1/thumb/v7e-m+fp/hard/crtn.o
                0x0000000008000734                . = ALIGN (0x4)
                0x0000000008000734                _etext = .

.vfp11_veneer   0x0000000008000734        0x0
 .vfp11_veneer  0x0000000008000734        0x0 linker stubs

.v4_bx          0x0000000008000734        0x0
 .v4_bx         0x0000000008000734        0x0 linker stubs

.iplt           0x0000000008000734        0x0
 .iplt          0x0000000008000734        0x0 c:/st/stm32cubeide_1.12.1/stm32cubeide/plugins/com.st.stm32cube.ide.mcu.externaltools.gnu-tools-for-stm32.10.3-2021.10.win32_1.0.200.202301161003/tools/bin/../lib/gcc/arm-none-eabi/10.3.1/thumb/v7e-m+fp/hard/crtbegin.o

.rel.dyn        0x0000000008000734        0x0
 .rel.iplt      0x0000000008000734        0x0 c:/st/stm32cubeide_1.12.1/stm32cubeide/plugins/com.st.stm32cube.ide.mcu.externaltools.gnu-tools-for-stm32.10.3-2021.10.win32_1.0.200.202301161003/tools/bin/../lib/gcc/arm-none-eabi/10.3.1/thumb/v7e-m+fp/hard/crtbegin.o

.rodata         0x0000000008000734        0x0
                0x0000000008000734                . = ALIGN (0x4)
 *(.rodata)
 *(.rodata*)
                0x0000000008000734                . = ALIGN (0x4)

.ARM.extab      0x0000000008000734        0x0
                0x0000000008000734                . = ALIGN (0x4)
 *(.ARM.extab* .gnu.linkonce.armextab.*)
                0x0000000008000734                . = ALIGN (0x4)

.ARM            0x0000000008000734        0x0
                0x0000000008000734                . = ALIGN (0x4)
                0x0000000008000734                __exidx_start = .
 *(.ARM.exidx*)
                0x0000000008000734                __exidx_end = .
                0x0000000008000734                . = ALIGN (0x4)

.preinit_array  0x0000000008000734        0x0
                0x0000000008000734                . = ALIGN (0x4)
                0x0000000008000734                PROVIDE (__preinit_array_start = .)
 *(.preinit_array*)
                0x0000000008000734                PROVIDE (__preinit_array_end = .)
                0x0000000008000734                . = ALIGN (0x4)

.init_array     0x0000000008000734        0x4
                0x0000000008000734                . = ALIGN (0x4)
                0x0000000008000734                PROVIDE (__init_array_start = .)
 *(SORT_BY_NAME(.init_array.*))
 *(.init_array*)
 .init_array    0x0000000008000734        0x4 c:/st/stm32cubeide_1.12.1/stm32cubeide/plugins/com.st.stm32cube.ide.mcu.externaltools.gnu-tools-for-stm32.10.3-2021.10.win32_1.0.200.202301161003/tools/bin/../lib/gcc/arm-none-eabi/10.3.1/thumb/v7e-m+fp/hard/crtbegin.o
                0x0000000008000738                PROVIDE (__init_array_end = .)
                0x0000000008000738                . = ALIGN (0x4)

.fini_array     0x0000000008000738        0x4
                0x0000000008000738                . = ALIGN (0x4)
                [!provide]                        PROVIDE (__fini_array_start = .)
 *(SORT_BY_NAME(.fini_array.*))
 *(.fini_array*)
 .fini_array    0x0000000008000738        0x4 c:/st/stm32cubeide_1.12.1/stm32cubeide/plugins/com.st.stm32cube.ide.mcu.externaltools.gnu-tools-for-stm32.10.3-2021.10.win32_1.0.200.202301161003/tools/bin/../lib/gcc/arm-none-eabi/10.3.1/thumb/v7e-m+fp/hard/crtbegin.o
                [!provide]                        PROVIDE (__fini_array_end = .)
                0x000000000800073c                . = ALIGN (0x4)
                0x000000000800073c                _sidata = LOADADDR (.data)

.data           0x0000000020000000        0x0 load address 0x000000000800073c
                0x0000000020000000                . = ALIGN (0x4)
                0x0000000020000000                _sdata = .
 *(.data)
 *(.data*)
 *(.RamFunc)
 *(.RamFunc*)
                0x0000000020000000                . = ALIGN (0x4)
                0x0000000020000000                _edata = .

.igot.plt       0x0000000020000000        0x0 load address 0x000000000800073c
 .igot.plt      0x0000000020000000        0x0 c:/st/stm32cubeide_1.12.1/stm32cubeide/plugins/com.st.stm32cube.ide.mcu.externaltools.gnu-tools-for-stm32.10.3-2021.10.win32_1.0.200.202301161003/tools/bin/../lib/gcc/arm-none-eabi/10.3.1/thumb/v7e-m+fp/hard/crtbegin.o
                0x0000000020000000                . = ALIGN (0x4)

.bss            0x0000000020000000     0x3ea8 load address 0x000000000800073c
                0x0000000020000000                _sbss = .
                0x0000000020000000                __bss_start__ = _sbss
 *(.bss)
 .bss           0x0000000020000000       0x1c c:/st/stm32cubeide_1.12.1/stm32cubeide/plugins/com.st.stm32cube.ide.mcu.externaltools.gnu-tools-for-stm32.10.3-2021.10.win32_1.0.200.202301161003/tools/bin/../lib/gcc/arm-none-eabi/10.3.1/thumb/v7e-m+fp/hard/crtbegin.o
 *(.bss*)
 .bss.EXTI0_CallBack
                0x000000002000001c        0x4 ./MCAL/EXTI/EXTI_Program.o
 .bss.Mode      0x0000000020000020        0x1 ./MCAL/STK/STK_Program.o
 *fill*         0x0000000020000021        0x3 
 .bss.STK_CallBack
                0x0000000020000024        0x4 ./MCAL/STK/STK_Program.o
 .bss.arr1      0x0000000020000028      0xfa0 ./Src/main.o
                0x0000000020000028                arr1
 .bss.arr2      0x0000000020000fc8      0xfa0 ./Src/main.o
                0x0000000020000fc8                arr2
 .bss.arr3      0x0000000020001f68      0xfa0 ./Src/main.o
                0x0000000020001f68                arr3
 .bss.arr4      0x0000000020002f08      0xfa0 ./Src/main.o
                0x0000000020002f08                arr4
 *(COMMON)
                0x0000000020003ea8                . = ALIGN (0x4)
                0x0000000020003ea8                _ebss = .
                0x0000000020003ea8                __bss_end__ = _ebss

._user_heap_stack
                0x0000000020003ea8      0x600 load address 0x000000000800073c
                0x0000000020003ea8                . = ALIGN (0x8)
                [!provide]                        PROVIDE (end = .)
                [!provide]                        PROVIDE (_end = .)
                0x00000000200040a8                . = (. + _Min_Heap_Size)
 *fill*         0x0000000020003ea8      0x200 
                0x00000000200044a8                . = (. + _Min_Stack_Size)
 *fill*         0x00000000200040a8      0x400 
                0x00000000200044a8                . = ALIGN (0x8)

/DISCARD/
 libc.a(*)
 libm.a(*)
 libgcc.a(*)

.ARM.attributes
                0x0000000000000000       0x30
 *(.ARM.attributes)
 .ARM.attributes
                0x0000000000000000       0x1e c:/st/stm32cubeide_1.12.1/stm32cubeide/plugins/com.st.stm32cube.ide.mcu.externaltools.gnu-tools-for-stm32.10.3-2021.10.win32_1.0.200.202301161003/tools/bin/../lib/gcc/arm-none-eabi/10.3.1/thumb/v7e-m+fp/hard/crti.o
 .ARM.attributes
                0x000000000000001e       0x34 c:/st/stm32cubeide_1.12.1/stm32cubeide/plugins/com.st.stm32cube.ide.mcu.externaltools.gnu-tools-for-stm32.10.3-2021.10.win32_1.0.200.202301161003/tools/bin/../lib/gcc/arm-none-eabi/10.3.1/thumb/v7e-m+fp/hard/crtbegin.o
 .ARM.attributes
                0x0000000000000052       0x34 ./MCAL/DMA/DMA_Program.o
 .ARM.attributes
                0x0000000000000086       0x34 ./MCAL/EXTI/EXTI_Program.o
 .ARM.attributes
                0x00000000000000ba       0x34 ./MCAL/NVIC/NVIC_Program.o
 .ARM.attributes
                0x00000000000000ee       0x34 ./MCAL/RCC/RCC_Program.o
 .ARM.attributes
                0x0000000000000122       0x34 ./MCAL/STK/STK_Program.o
 .ARM.attributes
                0x0000000000000156       0x34 ./Src/main.o
 .ARM.attributes
                0x000000000000018a       0x21 ./Startup/startup_stm32f401retx.o
 .ARM.attributes
                0x00000000000001ab       0x34 c:/st/stm32cubeide_1.12.1/stm32cubeide/plugins/com.st.stm32cube.ide.mcu.externaltools.gnu-tools-for-stm32.10.3-2021.10.win32_1.0.200.202301161003/tools/bin/../lib/gcc/arm-none-eabi/10.3.1/../../../../arm-none-eabi/lib/thumb/v7e-m+fp/hard\libc_nano.a(lib_a-init.o)
 .ARM.attributes
                0x00000000000001df       0x1e c:/st/stm32cubeide_1.12.1/stm32cubeide/plugins/com.st.stm32cube.ide.mcu.externaltools.gnu-tools-for-stm32.10.3-2021.10.win32_1.0.200.202301161003/tools/bin/../lib/gcc/arm-none-eabi/10.3.1/thumb/v7e-m+fp/hard/crtn.o
OUTPUT(Sr.elf elf32-littlearm)
LOAD linker stubs
LOAD c:/st/stm32cubeide_1.12.1/stm32cubeide/plugins/com.st.stm32cube.ide.mcu.externaltools.gnu-tools-for-stm32.10.3-2021.10.win32_1.0.200.202301161003/tools/bin/../lib/gcc/arm-none-eabi/10.3.1/../../../../arm-none-eabi/lib/thumb/v7e-m+fp/hard\libc.a
LOAD c:/st/stm32cubeide_1.12.1/stm32cubeide/plugins/com.st.stm32cube.ide.mcu.externaltools.gnu-tools-for-stm32.10.3-2021.10.win32_1.0.200.202301161003/tools/bin/../lib/gcc/arm-none-eabi/10.3.1/../../../../arm-none-eabi/lib/thumb/v7e-m+fp/hard\libm.a
LOAD c:/st/stm32cubeide_1.12.1/stm32cubeide/plugins/com.st.stm32cube.ide.mcu.externaltools.gnu-tools-for-stm32.10.3-2021.10.win32_1.0.200.202301161003/tools/bin/../lib/gcc/arm-none-eabi/10.3.1/thumb/v7e-m+fp/hard\libgcc.a

.debug_info     0x0000000000000000      0xcb0
 .debug_info    0x0000000000000000      0x1f7 ./MCAL/DMA/DMA_Program.o
 .debug_info    0x00000000000001f7      0x1f9 ./MCAL/EXTI/EXTI_Program.o
 .debug_info    0x00000000000003f0      0x19f ./MCAL/NVIC/NVIC_Program.o
 .debug_info    0x000000000000058f      0x2ec ./MCAL/RCC/RCC_Program.o
 .debug_info    0x000000000000087b      0x1d9 ./MCAL/STK/STK_Program.o
 .debug_info    0x0000000000000a54      0x23a ./Src/main.o
 .debug_info    0x0000000000000c8e       0x22 ./Startup/startup_stm32f401retx.o

.debug_abbrev   0x0000000000000000      0x5bb
 .debug_abbrev  0x0000000000000000       0xde ./MCAL/DMA/DMA_Program.o
 .debug_abbrev  0x00000000000000de      0x105 ./MCAL/EXTI/EXTI_Program.o
 .debug_abbrev  0x00000000000001e3       0xb2 ./MCAL/NVIC/NVIC_Program.o
 .debug_abbrev  0x0000000000000295       0xc3 ./MCAL/RCC/RCC_Program.o
 .debug_abbrev  0x0000000000000358      0x116 ./MCAL/STK/STK_Program.o
 .debug_abbrev  0x000000000000046e      0x13b ./Src/main.o
 .debug_abbrev  0x00000000000005a9       0x12 ./Startup/startup_stm32f401retx.o

.debug_aranges  0x0000000000000000      0x1a0
 .debug_aranges
                0x0000000000000000       0x28 ./MCAL/DMA/DMA_Program.o
 .debug_aranges
                0x0000000000000028       0x50 ./MCAL/EXTI/EXTI_Program.o
 .debug_aranges
                0x0000000000000078       0x50 ./MCAL/NVIC/NVIC_Program.o
 .debug_aranges
                0x00000000000000c8       0x30 ./MCAL/RCC/RCC_Program.o
 .debug_aranges
                0x00000000000000f8       0x48 ./MCAL/STK/STK_Program.o
 .debug_aranges
                0x0000000000000140       0x38 ./Src/main.o
 .debug_aranges
                0x0000000000000178       0x28 ./Startup/startup_stm32f401retx.o

.debug_ranges   0x0000000000000000      0x138
 .debug_ranges  0x0000000000000000       0x18 ./MCAL/DMA/DMA_Program.o
 .debug_ranges  0x0000000000000018       0x40 ./MCAL/EXTI/EXTI_Program.o
 .debug_ranges  0x0000000000000058       0x40 ./MCAL/NVIC/NVIC_Program.o
 .debug_ranges  0x0000000000000098       0x20 ./MCAL/RCC/RCC_Program.o
 .debug_ranges  0x00000000000000b8       0x38 ./MCAL/STK/STK_Program.o
 .debug_ranges  0x00000000000000f0       0x28 ./Src/main.o
 .debug_ranges  0x0000000000000118       0x20 ./Startup/startup_stm32f401retx.o

.debug_macro    0x0000000000000000      0xf3b
 .debug_macro   0x0000000000000000       0x36 ./MCAL/DMA/DMA_Program.o
 .debug_macro   0x0000000000000036      0xa84 ./MCAL/DMA/DMA_Program.o
 .debug_macro   0x0000000000000aba       0x22 ./MCAL/DMA/DMA_Program.o
 .debug_macro   0x0000000000000adc       0x16 ./MCAL/DMA/DMA_Program.o
 .debug_macro   0x0000000000000af2       0x6a ./MCAL/DMA/DMA_Program.o
 .debug_macro   0x0000000000000b5c       0x52 ./MCAL/EXTI/EXTI_Program.o
 .debug_macro   0x0000000000000bae       0x1c ./MCAL/EXTI/EXTI_Program.o
 .debug_macro   0x0000000000000bca       0x28 ./MCAL/EXTI/EXTI_Program.o
 .debug_macro   0x0000000000000bf2       0x4c ./MCAL/NVIC/NVIC_Program.o
 .debug_macro   0x0000000000000c3e       0x10 ./MCAL/NVIC/NVIC_Program.o
 .debug_macro   0x0000000000000c4e       0x70 ./MCAL/NVIC/NVIC_Program.o
 .debug_macro   0x0000000000000cbe       0x3f ./MCAL/RCC/RCC_Program.o
 .debug_macro   0x0000000000000cfd       0x1c ./MCAL/RCC/RCC_Program.o
 .debug_macro   0x0000000000000d19      0x142 ./MCAL/RCC/RCC_Program.o
 .debug_macro   0x0000000000000e5b       0x34 ./MCAL/RCC/RCC_Program.o
 .debug_macro   0x0000000000000e8f       0x3d ./MCAL/STK/STK_Program.o
 .debug_macro   0x0000000000000ecc       0x1c ./MCAL/STK/STK_Program.o
 .debug_macro   0x0000000000000ee8       0x53 ./Src/main.o

.debug_line     0x0000000000000000      0xb17
 .debug_line    0x0000000000000000      0x12d ./MCAL/DMA/DMA_Program.o
 .debug_line    0x000000000000012d      0x180 ./MCAL/EXTI/EXTI_Program.o
 .debug_line    0x00000000000002ad      0x1f0 ./MCAL/NVIC/NVIC_Program.o
 .debug_line    0x000000000000049d      0x164 ./MCAL/RCC/RCC_Program.o
 .debug_line    0x0000000000000601      0x1ac ./MCAL/STK/STK_Program.o
 .debug_line    0x00000000000007ad      0x2e6 ./Src/main.o
 .debug_line    0x0000000000000a93       0x84 ./Startup/startup_stm32f401retx.o

.debug_str      0x0000000000000000     0x3e29
 .debug_str     0x0000000000000000     0x2fa7 ./MCAL/DMA/DMA_Program.o
                                       0x300e (size before relaxing)
 .debug_str     0x0000000000002fa7      0x1f6 ./MCAL/EXTI/EXTI_Program.o
                                       0x2fed (size before relaxing)
 .debug_str     0x000000000000319d      0x409 ./MCAL/NVIC/NVIC_Program.o
                                       0x3200 (size before relaxing)
 .debug_str     0x00000000000035a6      0x576 ./MCAL/RCC/RCC_Program.o
                                       0x3372 (size before relaxing)
 .debug_str     0x0000000000003b1c      0x139 ./MCAL/STK/STK_Program.o
                                       0x2f46 (size before relaxing)
 .debug_str     0x0000000000003c55      0x1a3 ./Src/main.o
                                       0x3182 (size before relaxing)
 .debug_str     0x0000000000003df8       0x31 ./Startup/startup_stm32f401retx.o
                                         0x63 (size before relaxing)

.comment        0x0000000000000000       0x50
 .comment       0x0000000000000000       0x50 ./MCAL/DMA/DMA_Program.o
                                         0x51 (size before relaxing)
 .comment       0x0000000000000050       0x51 ./MCAL/EXTI/EXTI_Program.o
 .comment       0x0000000000000050       0x51 ./MCAL/NVIC/NVIC_Program.o
 .comment       0x0000000000000050       0x51 ./MCAL/RCC/RCC_Program.o
 .comment       0x0000000000000050       0x51 ./MCAL/STK/STK_Program.o
 .comment       0x0000000000000050       0x51 ./Src/main.o

.debug_frame    0x0000000000000000      0x4b8
 .debug_frame   0x0000000000000000       0x60 ./MCAL/DMA/DMA_Program.o
 .debug_frame   0x0000000000000060      0x114 ./MCAL/EXTI/EXTI_Program.o
 .debug_frame   0x0000000000000174      0x120 ./MCAL/NVIC/NVIC_Program.o
 .debug_frame   0x0000000000000294       0x80 ./MCAL/RCC/RCC_Program.o
 .debug_frame   0x0000000000000314       0xec ./MCAL/STK/STK_Program.o
 .debug_frame   0x0000000000000400       0x8c ./Src/main.o
 .debug_frame   0x000000000000048c       0x2c c:/st/stm32cubeide_1.12.1/stm32cubeide/plugins/com.st.stm32cube.ide.mcu.externaltools.gnu-tools-for-stm32.10.3-2021.10.win32_1.0.200.202301161003/tools/bin/../lib/gcc/arm-none-eabi/10.3.1/../../../../arm-none-eabi/lib/thumb/v7e-m+fp/hard\libc_nano.a(lib_a-init.o)
